Archive member included to satisfy reference by file (symbol)

D:/Program Files/STM32CubeIDE_1.13.1/STM32CubeIDE/plugins/com.st.stm32cube.ide.mcu.externaltools.gnu-tools-for-stm32.11.3.rel1.win32_1.1.100.202309141235/tools/bin/../lib/gcc/arm-none-eabi/11.3.1/../../../../arm-none-eabi/lib/thumb/v7-m/nofp\libc_nano.a(libc_a-exit.o)
                              D:/Program Files/STM32CubeIDE_1.13.1/STM32CubeIDE/plugins/com.st.stm32cube.ide.mcu.externaltools.gnu-tools-for-stm32.11.3.rel1.win32_1.1.100.202309141235/tools/bin/../lib/gcc/arm-none-eabi/11.3.1/../../../../arm-none-eabi/lib/thumb/v7-m/nofp/crt0.o (exit)
D:/Program Files/STM32CubeIDE_1.13.1/STM32CubeIDE/plugins/com.st.stm32cube.ide.mcu.externaltools.gnu-tools-for-stm32.11.3.rel1.win32_1.1.100.202309141235/tools/bin/../lib/gcc/arm-none-eabi/11.3.1/../../../../arm-none-eabi/lib/thumb/v7-m/nofp\libc_nano.a(libc_a-findfp.o)
                              D:/Program Files/STM32CubeIDE_1.13.1/STM32CubeIDE/plugins/com.st.stm32cube.ide.mcu.externaltools.gnu-tools-for-stm32.11.3.rel1.win32_1.1.100.202309141235/tools/bin/../lib/gcc/arm-none-eabi/11.3.1/../../../../arm-none-eabi/lib/thumb/v7-m/nofp\libc_nano.a(libc_a-exit.o) (__stdio_exit_handler)
D:/Program Files/STM32CubeIDE_1.13.1/STM32CubeIDE/plugins/com.st.stm32cube.ide.mcu.externaltools.gnu-tools-for-stm32.11.3.rel1.win32_1.1.100.202309141235/tools/bin/../lib/gcc/arm-none-eabi/11.3.1/../../../../arm-none-eabi/lib/thumb/v7-m/nofp\libc_nano.a(libc_a-fwalk.o)
                              D:/Program Files/STM32CubeIDE_1.13.1/STM32CubeIDE/plugins/com.st.stm32cube.ide.mcu.externaltools.gnu-tools-for-stm32.11.3.rel1.win32_1.1.100.202309141235/tools/bin/../lib/gcc/arm-none-eabi/11.3.1/../../../../arm-none-eabi/lib/thumb/v7-m/nofp\libc_nano.a(libc_a-findfp.o) (_fwalk_sglue)
D:/Program Files/STM32CubeIDE_1.13.1/STM32CubeIDE/plugins/com.st.stm32cube.ide.mcu.externaltools.gnu-tools-for-stm32.11.3.rel1.win32_1.1.100.202309141235/tools/bin/../lib/gcc/arm-none-eabi/11.3.1/../../../../arm-none-eabi/lib/thumb/v7-m/nofp\libc_nano.a(libc_a-sprintf.o)
                              ./Core/Src/main.o (sprintf)
D:/Program Files/STM32CubeIDE_1.13.1/STM32CubeIDE/plugins/com.st.stm32cube.ide.mcu.externaltools.gnu-tools-for-stm32.11.3.rel1.win32_1.1.100.202309141235/tools/bin/../lib/gcc/arm-none-eabi/11.3.1/../../../../arm-none-eabi/lib/thumb/v7-m/nofp\libc_nano.a(libc_a-stdio.o)
                              D:/Program Files/STM32CubeIDE_1.13.1/STM32CubeIDE/plugins/com.st.stm32cube.ide.mcu.externaltools.gnu-tools-for-stm32.11.3.rel1.win32_1.1.100.202309141235/tools/bin/../lib/gcc/arm-none-eabi/11.3.1/../../../../arm-none-eabi/lib/thumb/v7-m/nofp\libc_nano.a(libc_a-findfp.o) (__sread)
D:/Program Files/STM32CubeIDE_1.13.1/STM32CubeIDE/plugins/com.st.stm32cube.ide.mcu.externaltools.gnu-tools-for-stm32.11.3.rel1.win32_1.1.100.202309141235/tools/bin/../lib/gcc/arm-none-eabi/11.3.1/../../../../arm-none-eabi/lib/thumb/v7-m/nofp\libc_nano.a(libc_a-memset.o)
                              D:/Program Files/STM32CubeIDE_1.13.1/STM32CubeIDE/plugins/com.st.stm32cube.ide.mcu.externaltools.gnu-tools-for-stm32.11.3.rel1.win32_1.1.100.202309141235/tools/bin/../lib/gcc/arm-none-eabi/11.3.1/../../../../arm-none-eabi/lib/thumb/v7-m/nofp/crt0.o (memset)
D:/Program Files/STM32CubeIDE_1.13.1/STM32CubeIDE/plugins/com.st.stm32cube.ide.mcu.externaltools.gnu-tools-for-stm32.11.3.rel1.win32_1.1.100.202309141235/tools/bin/../lib/gcc/arm-none-eabi/11.3.1/../../../../arm-none-eabi/lib/thumb/v7-m/nofp\libc_nano.a(libc_a-closer.o)
                              D:/Program Files/STM32CubeIDE_1.13.1/STM32CubeIDE/plugins/com.st.stm32cube.ide.mcu.externaltools.gnu-tools-for-stm32.11.3.rel1.win32_1.1.100.202309141235/tools/bin/../lib/gcc/arm-none-eabi/11.3.1/../../../../arm-none-eabi/lib/thumb/v7-m/nofp\libc_nano.a(libc_a-stdio.o) (_close_r)
D:/Program Files/STM32CubeIDE_1.13.1/STM32CubeIDE/plugins/com.st.stm32cube.ide.mcu.externaltools.gnu-tools-for-stm32.11.3.rel1.win32_1.1.100.202309141235/tools/bin/../lib/gcc/arm-none-eabi/11.3.1/../../../../arm-none-eabi/lib/thumb/v7-m/nofp\libc_nano.a(libc_a-reent.o)
                              D:/Program Files/STM32CubeIDE_1.13.1/STM32CubeIDE/plugins/com.st.stm32cube.ide.mcu.externaltools.gnu-tools-for-stm32.11.3.rel1.win32_1.1.100.202309141235/tools/bin/../lib/gcc/arm-none-eabi/11.3.1/../../../../arm-none-eabi/lib/thumb/v7-m/nofp\libc_nano.a(libc_a-closer.o) (errno)
D:/Program Files/STM32CubeIDE_1.13.1/STM32CubeIDE/plugins/com.st.stm32cube.ide.mcu.externaltools.gnu-tools-for-stm32.11.3.rel1.win32_1.1.100.202309141235/tools/bin/../lib/gcc/arm-none-eabi/11.3.1/../../../../arm-none-eabi/lib/thumb/v7-m/nofp\libc_nano.a(libc_a-impure.o)
[...]
Memory Configuration

Name             Origin             Length             Attributes
RAM              0x0000000020000000 0x000000000000c000 xrw
FLASH            0x0000000008000000 0x0000000000040000 xr
*default*        0x0000000000000000 0xffffffffffffffff

Linker script and memory map

LOAD D:/Program Files/STM32CubeIDE_1.13.1/STM32CubeIDE/plugins/com.st.stm32cube.ide.mcu.externaltools.gnu-tools-for-stm32.11.3.rel1.win32_1.1.100.202309141235/tools/bin/../lib/gcc/arm-none-eabi/11.3.1/thumb/v7-m/nofp/crti.o
LOAD D:/Program Files/STM32CubeIDE_1.13.1/STM32CubeIDE/plugins/com.st.stm32cube.ide.mcu.externaltools.gnu-tools-for-stm32.11.3.rel1.win32_1.1.100.202309141235/tools/bin/../lib/gcc/arm-none-eabi/11.3.1/thumb/v7-m/nofp/crtbegin.o
LOAD D:/Program Files/STM32CubeIDE_1.13.1/STM32CubeIDE/plugins/com.st.stm32cube.ide.mcu.externaltools.gnu-tools-for-stm32.11.3.rel1.win32_1.1.100.202309141235/tools/bin/../lib/gcc/arm-none-eabi/11.3.1/../../../../arm-none-eabi/lib/thumb/v7-m/nofp/crt0.o
LOAD ./Core/Src/bsp_ili9341_lcd.o
LOAD ./Core/Src/fonts.o
LOAD ./Core/Src/gpio.o
LOAD ./Core/Src/main.o
LOAD ./Core/Src/stm32f1xx_hal_msp.o
LOAD ./Core/Src/stm32f1xx_it.o
LOAD ./Core/Src/syscalls.o
LOAD ./Core/Src/sysmem.o
LOAD ./Core/Src/system_stm32f1xx.o
LOAD ./Core/Startup/startup_stm32f103rctx.o
LOAD ./Drivers/STM32F1xx_HAL_Driver/Src/stm32f1xx_hal.o
LOAD ./Drivers/STM32F1xx_HAL_Driver/Src/stm32f1xx_hal_cortex.o
LOAD ./Drivers/STM32F1xx_HAL_Driver/Src/stm32f1xx_hal_dma.o
LOAD ./Drivers/STM32F1xx_HAL_Driver/Src/stm32f1xx_hal_exti.o
LOAD ./Drivers/STM32F1xx_HAL_Driver/Src/stm32f1xx_hal_flash.o
LOAD ./Drivers/STM32F1xx_HAL_Driver/Src/stm32f1xx_hal_flash_ex.o
LOAD ./Drivers/STM32F1xx_HAL_Driver/Src/stm32f1xx_hal_gpio.o
LOAD ./Drivers/STM32F1xx_HAL_Driver/Src/stm32f1xx_hal_gpio_ex.o
LOAD ./Drivers/STM32F1xx_HAL_Driver/Src/stm32f1xx_hal_pwr.o
LOAD ./Drivers/STM32F1xx_HAL_Driver/Src/stm32f1xx_hal_rcc.o
LOAD ./Drivers/STM32F1xx_HAL_Driver/Src/stm32f1xx_hal_rcc_ex.o
LOAD ./Drivers/STM32F1xx_HAL_Driver/Src/stm32f1xx_hal_tim.o
LOAD ./Drivers/STM32F1xx_HAL_Driver/Src/stm32f1xx_hal_tim_ex.o
START GROUP
LOAD D:/Program Files/STM32CubeIDE_1.13.1/STM32CubeIDE/plugins/com.st.stm32cube.ide.mcu.externaltools.gnu-tools-for-stm32.11.3.rel1.win32_1.1.100.202309141235/tools/bin/../lib/gcc/arm-none-eabi/11.3.1/../../../../arm-none-eabi/lib/thumb/v7-m/nofp\libc_nano.a
LOAD D:/Program Files/STM32CubeIDE_1.13.1/STM32CubeIDE/plugins/com.st.stm32cube.ide.mcu.externaltools.gnu-tools-for-stm32.11.3.rel1.win32_1.1.100.202309141235/tools/bin/../lib/gcc/arm-none-eabi/11.3.1/../../../../arm-none-eabi/lib/thumb/v7-m/nofp\libm.a
END GROUP
START GROUP
LOAD D:/Program Files/STM32CubeIDE_1.13.1/STM32CubeIDE/plugins/com.st.stm32cube.ide.mcu.externaltools.gnu-tools-for-stm32.11.3.rel1.win32_1.1.100.202309141235/tools/bin/../lib/gcc/arm-none-eabi/11.3.1/thumb/v7-m/nofp\libgcc.a
LOAD D:/Program Files/STM32CubeIDE_1.13.1/STM32CubeIDE/plugins/com.st.stm32cube.ide.mcu.externaltools.gnu-tools-for-stm32.11.3.rel1.win32_1.1.100.202309141235/tools/bin/../lib/gcc/arm-none-eabi/11.3.1/../../../../arm-none-eabi/lib/thumb/v7-m/nofp\libc_nano.a
END GROUP
START GROUP
LOAD D:/Program Files/STM32CubeIDE_1.13.1/STM32CubeIDE/plugins/com.st.stm32cube.ide.mcu.externaltools.gnu-tools-for-stm32.11.3.rel1.win32_1.1.100.202309141235/tools/bin/../lib/gcc/arm-none-eabi/11.3.1/thumb/v7-m/nofp\libgcc.a
LOAD D:/Program Files/STM32CubeIDE_1.13.1/STM32CubeIDE/plugins/com.st.stm32cube.ide.mcu.externaltools.gnu-tools-for-stm32.11.3.rel1.win32_1.1.100.202309141235/tools/bin/../lib/gcc/arm-none-eabi/11.3.1/../../../../arm-none-eabi/lib/thumb/v7-m/nofp\libc_nano.a
LOAD D:/Program Files/STM32CubeIDE_1.13.1/STM32CubeIDE/plugins/com.st.stm32cube.ide.mcu.externaltools.gnu-tools-for-stm32.11.3.rel1.win32_1.1.100.202309141235/tools/bin/../lib/gcc/arm-none-eabi/11.3.1/../../../../arm-none-eabi/lib/thumb/v7-m/nofp\libnosys.a
END GROUP
START GROUP
LOAD D:/Program Files/STM32CubeIDE_1.13.1/STM32CubeIDE/plugins/com.st.stm32cube.ide.mcu.externaltools.gnu-tools-for-stm32.11.3.rel1.win32_1.1.100.202309141235/tools/bin/../lib/gcc/arm-none-eabi/11.3.1/thumb/v7-m/nofp\libgcc.a
LOAD D:/Program Files/STM32CubeIDE_1.13.1/STM32CubeIDE/plugins/com.st.stm32cube.ide.mcu.externaltools.gnu-tools-for-stm32.11.3.rel1.win32_1.1.100.202309141235/tools/bin/../lib/gcc/arm-none-eabi/11.3.1/../../../../arm-none-eabi/lib/thumb/v7-m/nofp\libc_nano.a
LOAD D:/Program Files/STM32CubeIDE_1.13.1/STM32CubeIDE/plugins/com.st.stm32cube.ide.mcu.externaltools.gnu-tools-for-stm32.11.3.rel1.win32_1.1.100.202309141235/tools/bin/../lib/gcc/arm-none-eabi/11.3.1/../../../../arm-none-eabi/lib/thumb/v7-m/nofp\libnosys.a
END GROUP
LOAD D:/Program Files/STM32CubeIDE_1.13.1/STM32CubeIDE/plugins/com.st.stm32cube.ide.mcu.externaltools.gnu-tools-for-stm32.11.3.rel1.win32_1.1.100.202309141235/tools/bin/../lib/gcc/arm-none-eabi/11.3.1/thumb/v7-m/nofp/crtend.o
LOAD D:/Program Files/STM32CubeIDE_1.13.1/STM32CubeIDE/plugins/com.st.stm32cube.ide.mcu.externaltools.gnu-tools-for-stm32.11.3.rel1.win32_1.1.100.202309141235/tools/bin/../lib/gcc/arm-none-eabi/11.3.1/thumb/v7-m/nofp/crtn.o
                0x000000002000c000                _estack = (ORIGIN (RAM) + LENGTH (RAM))
                0x0000000000000200                _Min_Heap_Size = 0x200
                0x0000000000000400                _Min_Stack_Size = 0x400

.isr_vector     0x0000000008000000      0x1e4
                0x0000000008000000                . = ALIGN (0x4)
 *(.isr_vector)
 .isr_vector    0x0000000008000000      0x1e4 ./Core/Startup/startup_stm32f103rctx.o
                0x0000000008000000                g_pfnVectors
                0x00000000080001e4                . = ALIGN (0x4)

.text           0x00000000080001e4     0x2df8
                0x00000000080001e4                . = ALIGN (0x4)
 *(.text)
 .text          0x00000000080001e4       0x40 D:/Program Files/STM32CubeIDE_1.13.1/STM32CubeIDE/plugins/com.st.stm32cube.ide.mcu.externaltools.gnu-tools-for-stm32.11.3.rel1.win32_1.1.100.202309141235/tools/bin/../lib/gcc/arm-none-eabi/11.3.1/thumb/v7-m/nofp/crtbegin.o
 *(.text*)
 .text.ILI9341_Delay
                0x0000000008000224       0x22 ./Core/Src/bsp_ili9341_lcd.o
 *fill*         0x0000000008000246        0x2 
 .text.ILI9341_Write_Cmd
                0x0000000008000248       0x48 ./Core/Src/bsp_ili9341_lcd.o
                0x0000000008000248                ILI9341_Write_Cmd
 .text.ILI9341_Write_Data
                0x0000000008000290       0x48 ./Core/Src/bsp_ili9341_lcd.o
                0x0000000008000290                ILI9341_Write_Data
 .text.ILI9341_Read_Data
                0x00000000080002d8       0x74 ./Core/Src/bsp_ili9341_lcd.o
                0x00000000080002d8                ILI9341_Read_Data
 .text.ILI9341_GPIO_Config
                0x000000000800034c      0x10c ./Core/Src/bsp_ili9341_lcd.o
 .text.ILI9341_REG_Config
                0x0000000008000458      0x548 ./Core/Src/bsp_ili9341_lcd.o
 .text.ILI9341_ReadID
                0x00000000080009a0       0x84 ./Core/Src/bsp_ili9341_lcd.o
                0x00000000080009a0                ILI9341_ReadID
 .text.ILI9341_Init
                0x0000000008000a24       0x24 ./Core/Src/bsp_ili9341_lcd.o
                0x0000000008000a24                ILI9341_Init
 .text.ILI9341_BackLed_Control
                0x0000000008000a48       0x30 ./Core/Src/bsp_ili9341_lcd.o
                0x0000000008000a48                ILI9341_BackLed_Control
 .text.ILI9341_GramScan
                0x0000000008000a78      0x114 ./Core/Src/bsp_ili9341_lcd.o
                0x0000000008000a78                ILI9341_GramScan
 .text.ILI9341_OpenWindow
                0x0000000008000b8c       0xb2 ./Core/Src/bsp_ili9341_lcd.o
                0x0000000008000b8c                ILI9341_OpenWindow
 .text.ILI9341_SetCursor
                0x0000000008000c3e       0x24 ./Core/Src/bsp_ili9341_lcd.o
 .text.ILI9341_FillColor
                0x0000000008000c62       0x3c ./Core/Src/bsp_ili9341_lcd.o
 *fill*         0x0000000008000c9e        0x2 
 .text.ILI9341_Clear
                0x0000000008000ca0       0x4c ./Core/Src/bsp_ili9341_lcd.o
                0x0000000008000ca0                ILI9341_Clear
 .text.ILI9341_SetPointPixel
                0x0000000008000cec       0x50 ./Core/Src/bsp_ili9341_lcd.o
                0x0000000008000cec                ILI9341_SetPointPixel
 .text.ILI9341_DrawLine
                0x0000000008000d3c      0x108 ./Core/Src/bsp_ili9341_lcd.o
                0x0000000008000d3c                ILI9341_DrawLine
 .text.ILI9341_DrawRectangle
                0x0000000008000e44       0xd8 ./Core/Src/bsp_ili9341_lcd.o
                0x0000000008000e44                ILI9341_DrawRectangle
 .text.ILI9341_DrawCircle
                0x0000000008000f1c      0x224 ./Core/Src/bsp_ili9341_lcd.o
                0x0000000008000f1c                ILI9341_DrawCircle
 .text.ILI9341_DispChar_EN
                0x0000000008001140       0xcc ./Core/Src/bsp_ili9341_lcd.o
                0x0000000008001140                ILI9341_DispChar_EN
 .text.ILI9341_DispStringLine_EN
                0x000000000800120c       0x8c ./Core/Src/bsp_ili9341_lcd.o
                0x000000000800120c                ILI9341_DispStringLine_EN
 .text.LCD_SetFont
                0x0000000008001298       0x1c ./Core/Src/bsp_ili9341_lcd.o
                0x0000000008001298                LCD_SetFont
 .text.LCD_GetFont
                0x00000000080012b4       0x14 ./Core/Src/bsp_ili9341_lcd.o
                0x00000000080012b4                LCD_GetFont
 .text.LCD_SetColors
                0x00000000080012c8       0x30 ./Core/Src/bsp_ili9341_lcd.o
                0x00000000080012c8                LCD_SetColors
 .text.LCD_SetTextColor
                0x00000000080012f8       0x20 ./Core/Src/bsp_ili9341_lcd.o
                0x00000000080012f8                LCD_SetTextColor
 .text.LCD_ClearLine
                0x0000000008001318       0x2c ./Core/Src/bsp_ili9341_lcd.o
                0x0000000008001318                LCD_ClearLine
 .text.MX_GPIO_Init
                0x0000000008001344       0x44 ./Core/Src/gpio.o
                0x0000000008001344                MX_GPIO_Init
 .text.main     0x0000000008001388       0x44 ./Core/Src/main.o
                0x0000000008001388                main
 .text.SystemClock_Config
                0x00000000080013cc       0x8a ./Core/Src/main.o
                0x00000000080013cc                SystemClock_Config
 *fill*         0x0000000008001456        0x2 
 .text.lcd_test
                0x0000000008001458      0x2f4 ./Core/Src/main.o
 .text.Delay    0x000000000800174c       0x22 ./Core/Src/main.o
 .text.Error_Handler
                0x000000000800176e        0xa ./Core/Src/main.o
                0x000000000800176e                Error_Handler
 .text.HAL_MspInit
                0x0000000008001778       0x64 ./Core/Src/stm32f1xx_hal_msp.o
                0x0000000008001778                HAL_MspInit
 .text.NMI_Handler
                0x00000000080017dc        0x6 ./Core/Src/stm32f1xx_it.o
                0x00000000080017dc                NMI_Handler
 .text.HardFault_Handler
                0x00000000080017e2        0x6 ./Core/Src/stm32f1xx_it.o
                0x00000000080017e2                HardFault_Handler
 .text.MemManage_Handler
                0x00000000080017e8        0x6 ./Core/Src/stm32f1xx_it.o
                0x00000000080017e8                MemManage_Handler
 .text.BusFault_Handler
                0x00000000080017ee        0x6 ./Core/Src/stm32f1xx_it.o
                0x00000000080017ee                BusFault_Handler
 .text.UsageFault_Handler
                0x00000000080017f4        0x6 ./Core/Src/stm32f1xx_it.o
                0x00000000080017f4                UsageFault_Handler
 .text.SVC_Handler
                0x00000000080017fa        0xc ./Core/Src/stm32f1xx_it.o
                0x00000000080017fa                SVC_Handler
 .text.DebugMon_Handler
                0x0000000008001806        0xc ./Core/Src/stm32f1xx_it.o
                0x0000000008001806                DebugMon_Handler
 .text.PendSV_Handler
                0x0000000008001812        0xc ./Core/Src/stm32f1xx_it.o
                0x0000000008001812                PendSV_Handler
 .text.SysTick_Handler
                0x000000000800181e        0xc ./Core/Src/stm32f1xx_it.o
                0x000000000800181e                SysTick_Handler
 *fill*         0x000000000800182a        0x2 
 .text._sbrk    0x000000000800182c       0x6c ./Core/Src/sysmem.o
                0x000000000800182c                _sbrk
 .text.SystemInit
                0x0000000008001898        0xc ./Core/Src/system_stm32f1xx.o
                0x0000000008001898                SystemInit
 .text.Reset_Handler
                0x00000000080018a4       0x48 ./Core/Startup/startup_stm32f103rctx.o
                0x00000000080018a4                Reset_Handler
 .text.Default_Handler
                0x00000000080018ec        0x2 ./Core/Startup/startup_stm32f103rctx.o
                0x00000000080018ec                RTC_Alarm_IRQHandler
                0x00000000080018ec                EXTI2_IRQHandler
                0x00000000080018ec                TIM8_TRG_COM_IRQHandler
                0x00000000080018ec                TIM8_CC_IRQHandler
                0x00000000080018ec                TIM1_CC_IRQHandler
                0x00000000080018ec                TIM6_IRQHandler
                0x00000000080018ec                PVD_IRQHandler
                0x00000000080018ec                SDIO_IRQHandler
                0x00000000080018ec                EXTI3_IRQHandler
                0x00000000080018ec                EXTI0_IRQHandler
                0x00000000080018ec                I2C2_EV_IRQHandler
                0x00000000080018ec                ADC1_2_IRQHandler
                0x00000000080018ec                SPI1_IRQHandler
                0x00000000080018ec                TAMPER_IRQHandler
                0x00000000080018ec                TIM8_UP_IRQHandler
                0x00000000080018ec                DMA2_Channel2_IRQHandler
                0x00000000080018ec                DMA1_Channel4_IRQHandler
                0x00000000080018ec                USART3_IRQHandler
                0x00000000080018ec                RTC_IRQHandler
                0x00000000080018ec                DMA1_Channel7_IRQHandler
                0x00000000080018ec                CAN1_RX1_IRQHandler
                0x00000000080018ec                UART5_IRQHandler
                0x00000000080018ec                ADC3_IRQHandler
                0x00000000080018ec                TIM4_IRQHandler
                0x00000000080018ec                DMA2_Channel1_IRQHandler
                0x00000000080018ec                I2C1_EV_IRQHandler
                0x00000000080018ec                DMA1_Channel6_IRQHandler
                0x00000000080018ec                UART4_IRQHandler
                0x00000000080018ec                TIM3_IRQHandler
                0x00000000080018ec                RCC_IRQHandler
                0x00000000080018ec                TIM1_TRG_COM_IRQHandler
                0x00000000080018ec                DMA1_Channel1_IRQHandler
                0x00000000080018ec                Default_Handler
                0x00000000080018ec                EXTI15_10_IRQHandler
                0x00000000080018ec                TIM7_IRQHandler
                0x00000000080018ec                TIM5_IRQHandler
                0x00000000080018ec                EXTI9_5_IRQHandler
                0x00000000080018ec                SPI2_IRQHandler
                0x00000000080018ec                DMA1_Channel5_IRQHandler
                0x00000000080018ec                EXTI4_IRQHandler
                0x00000000080018ec                USB_LP_CAN1_RX0_IRQHandler
                0x00000000080018ec                USB_HP_CAN1_TX_IRQHandler
                0x00000000080018ec                DMA1_Channel3_IRQHandler
                0x00000000080018ec                FSMC_IRQHandler
                0x00000000080018ec                TIM1_UP_IRQHandler
                0x00000000080018ec                WWDG_IRQHandler
                0x00000000080018ec                TIM2_IRQHandler
                0x00000000080018ec                TIM1_BRK_IRQHandler
                0x00000000080018ec                EXTI1_IRQHandler
                0x00000000080018ec                DMA2_Channel4_5_IRQHandler
                0x00000000080018ec                USART2_IRQHandler
                0x00000000080018ec                I2C2_ER_IRQHandler
                0x00000000080018ec                DMA1_Channel2_IRQHandler
                0x00000000080018ec                TIM8_BRK_IRQHandler
                0x00000000080018ec                CAN1_SCE_IRQHandler
                0x00000000080018ec                FLASH_IRQHandler
                0x00000000080018ec                USART1_IRQHandler
                0x00000000080018ec                SPI3_IRQHandler
                0x00000000080018ec                I2C1_ER_IRQHandler
                0x00000000080018ec                USBWakeUp_IRQHandler
                0x00000000080018ec                DMA2_Channel3_IRQHandler
 *fill*         0x00000000080018ee        0x2 
 .text.HAL_Init
                0x00000000080018f0       0x2c ./Drivers/STM32F1xx_HAL_Driver/Src/stm32f1xx_hal.o
                0x00000000080018f0                HAL_Init
 .text.HAL_InitTick
                0x000000000800191c       0x60 ./Drivers/STM32F1xx_HAL_Driver/Src/stm32f1xx_hal.o
                0x000000000800191c                HAL_InitTick
 .text.HAL_IncTick
                0x000000000800197c       0x24 ./Drivers/STM32F1xx_HAL_Driver/Src/stm32f1xx_hal.o
                0x000000000800197c                HAL_IncTick
 .text.HAL_GetTick
                0x00000000080019a0       0x14 ./Drivers/STM32F1xx_HAL_Driver/Src/stm32f1xx_hal.o
                0x00000000080019a0                HAL_GetTick
 .text.__NVIC_SetPriorityGrouping
                0x00000000080019b4       0x48 ./Drivers/STM32F1xx_HAL_Driver/Src/stm32f1xx_hal_cortex.o
 .text.__NVIC_GetPriorityGrouping
                0x00000000080019fc       0x1c ./Drivers/STM32F1xx_HAL_Driver/Src/stm32f1xx_hal_cortex.o
 .text.__NVIC_SetPriority
                0x0000000008001a18       0x54 ./Drivers/STM32F1xx_HAL_Driver/Src/stm32f1xx_hal_cortex.o
 .text.NVIC_EncodePriority
                0x0000000008001a6c       0x64 ./Drivers/STM32F1xx_HAL_Driver/Src/stm32f1xx_hal_cortex.o
 .text.SysTick_Config
                0x0000000008001ad0       0x44 ./Drivers/STM32F1xx_HAL_Driver/Src/stm32f1xx_hal_cortex.o
 .text.HAL_NVIC_SetPriorityGrouping
                0x0000000008001b14       0x16 ./Drivers/STM32F1xx_HAL_Driver/Src/stm32f1xx_hal_cortex.o
                0x0000000008001b14                HAL_NVIC_SetPriorityGrouping
 .text.HAL_NVIC_SetPriority
                0x0000000008001b2a       0x38 ./Drivers/STM32F1xx_HAL_Driver/Src/stm32f1xx_hal_cortex.o
                0x0000000008001b2a                HAL_NVIC_SetPriority
 .text.HAL_SYSTICK_Config
                0x0000000008001b62       0x18 ./Drivers/STM32F1xx_HAL_Driver/Src/stm32f1xx_hal_cortex.o
                0x0000000008001b62                HAL_SYSTICK_Config
 *fill*         0x0000000008001b7a        0x2 
 .text.HAL_GPIO_Init
                0x0000000008001b7c      0x328 ./Drivers/STM32F1xx_HAL_Driver/Src/stm32f1xx_hal_gpio.o
                0x0000000008001b7c                HAL_GPIO_Init
 .text.HAL_RCC_OscConfig
                0x0000000008001ea4      0x504 ./Drivers/STM32F1xx_HAL_Driver/Src/stm32f1xx_hal_rcc.o
                0x0000000008001ea4                HAL_RCC_OscConfig
 .text.HAL_RCC_ClockConfig
                0x00000000080023a8      0x1d4 ./Drivers/STM32F1xx_HAL_Driver/Src/stm32f1xx_hal_rcc.o
                0x00000000080023a8                HAL_RCC_ClockConfig
 .text.HAL_RCC_GetSysClockFreq
                0x000000000800257c       0xa8 ./Drivers/STM32F1xx_HAL_Driver/Src/stm32f1xx_hal_rcc.o
                0x000000000800257c                HAL_RCC_GetSysClockFreq
 .text.RCC_Delay
                0x0000000008002624       0x3c ./Drivers/STM32F1xx_HAL_Driver/Src/stm32f1xx_hal_rcc.o
 .text.sprintf  0x0000000008002660       0x40 D:/Program Files/STM32CubeIDE_1.13.1/STM32CubeIDE/plugins/com.st.stm32cube.ide.mcu.externaltools.gnu-tools-for-stm32.11.3.rel1.win32_1.1.100.202309141235/tools/bin/../lib/gcc/arm-none-eabi/11.3.1/../../../../arm-none-eabi/lib/thumb/v7-m/nofp\libc_nano.a(libc_a-sprintf.o)
                0x0000000008002660                siprintf
                0x0000000008002660                sprintf
 .text.memset   0x00000000080026a0       0x10 D:/Program Files/STM32CubeIDE_1.13.1/STM32CubeIDE/plugins/com.st.stm32cube.ide.mcu.externaltools.gnu-tools-for-stm32.11.3.rel1.win32_1.1.100.202309141235/tools/bin/../lib/gcc/arm-none-eabi/11.3.1/../../../../arm-none-eabi/lib/thumb/v7-m/nofp\libc_nano.a(libc_a-memset.o)
                0x00000000080026a0                memset
 .text.__errno  0x00000000080026b0        0xc D:/Program Files/STM32CubeIDE_1.13.1/STM32CubeIDE/plugins/com.st.stm32cube.ide.mcu.externaltools.gnu-tools-for-stm32.11.3.rel1.win32_1.1.100.202309141235/tools/bin/../lib/gcc/arm-none-eabi/11.3.1/../../../../arm-none-eabi/lib/thumb/v7-m/nofp\libc_nano.a(libc_a-errno.o)
                0x00000000080026b0                __errno
 .text.__libc_init_array
                0x00000000080026bc       0x48 D:/Program Files/STM32CubeIDE_1.13.1/STM32CubeIDE/plugins/com.st.stm32cube.ide.mcu.externaltools.gnu-tools-for-stm32.11.3.rel1.win32_1.1.100.202309141235/tools/bin/../lib/gcc/arm-none-eabi/11.3.1/../../../../arm-none-eabi/lib/thumb/v7-m/nofp\libc_nano.a(libc_a-init.o)
                0x00000000080026bc                __libc_init_array
 .text.__retarget_lock_acquire_recursive
                0x0000000008002704        0x2 D:/Program Files/STM32CubeIDE_1.13.1/STM32CubeIDE/plugins/com.st.stm32cube.ide.mcu.externaltools.gnu-tools-for-stm32.11.3.rel1.win32_1.1.100.202309141235/tools/bin/../lib/gcc/arm-none-eabi/11.3.1/../../../../arm-none-eabi/lib/thumb/v7-m/nofp\libc_nano.a(libc_a-lock.o)
                0x0000000008002704                __retarget_lock_acquire_recursive
 .text.__retarget_lock_release_recursive
                0x0000000008002706        0x2 D:/Program Files/STM32CubeIDE_1.13.1/STM32CubeIDE/plugins/com.st.stm32cube.ide.mcu.externaltools.gnu-tools-for-stm32.11.3.rel1.win32_1.1.100.202309141235/tools/bin/../lib/gcc/arm-none-eabi/11.3.1/../../../../arm-none-eabi/lib/thumb/v7-m/nofp\libc_nano.a(libc_a-lock.o)
                0x0000000008002706                __retarget_lock_release_recursive
 .text._free_r  0x0000000008002708       0x90 D:/Program Files/STM32CubeIDE_1.13.1/STM32CubeIDE/plugins/com.st.stm32cube.ide.mcu.externaltools.gnu-tools-for-stm32.11.3.rel1.win32_1.1.100.202309141235/tools/bin/../lib/gcc/arm-none-eabi/11.3.1/../../../../arm-none-eabi/lib/thumb/v7-m/nofp\libc_nano.a(libc_a-freer.o)
                0x0000000008002708                _free_r
 .text.sbrk_aligned
                0x0000000008002798       0x40 D:/Program Files/STM32CubeIDE_1.13.1/STM32CubeIDE/plugins/com.st.stm32cube.ide.mcu.externaltools.gnu-tools-for-stm32.11.3.rel1.win32_1.1.100.202309141235/tools/bin/../lib/gcc/arm-none-eabi/11.3.1/../../../../arm-none-eabi/lib/thumb/v7-m/nofp\libc_nano.a(libc_a-mallocr.o)
 .text._malloc_r
                0x00000000080027d8      0x100 D:/Program Files/STM32CubeIDE_1.13.1/STM32CubeIDE/plugins/com.st.stm32cube.ide.mcu.externaltools.gnu-tools-for-stm32.11.3.rel1.win32_1.1.100.202309141235/tools/bin/../lib/gcc/arm-none-eabi/11.3.1/../../../../arm-none-eabi/lib/thumb/v7-m/nofp\libc_nano.a(libc_a-mallocr.o)
                0x00000000080027d8                _malloc_r
 .text.__malloc_lock
                0x00000000080028d8        0xc D:/Program Files/STM32CubeIDE_1.13.1/STM32CubeIDE/plugins/com.st.stm32cube.ide.mcu.externaltools.gnu-tools-for-stm32.11.3.rel1.win32_1.1.100.202309141235/tools/bin/../lib/gcc/arm-none-eabi/11.3.1/../../../../arm-none-eabi/lib/thumb/v7-m/nofp\libc_nano.a(libc_a-mlock.o)
                0x00000000080028d8                __malloc_lock
 .text.__malloc_unlock
                0x00000000080028e4        0xc D:/Program Files/STM32CubeIDE_1.13.1/STM32CubeIDE/plugins/com.st.stm32cube.ide.mcu.externaltools.gnu-tools-for-stm32.11.3.rel1.win32_1.1.100.202309141235/tools/bin/../lib/gcc/arm-none-eabi/11.3.1/../../../../arm-none-eabi/lib/thumb/v7-m/nofp\libc_nano.a(libc_a-mlock.o)
                0x00000000080028e4                __malloc_unlock
 .text.__ssputs_r
                0x00000000080028f0       0xb4 D:/Program Files/STM32CubeIDE_1.13.1/STM32CubeIDE/plugins/com.st.stm32cube.ide.mcu.externaltools.gnu-tools-for-stm32.11.3.rel1.win32_1.1.100.202309141235/tools/bin/../lib/gcc/arm-none-eabi/11.3.1/../../../../arm-none-eabi/lib/thumb/v7-m/nofp\libc_nano.a(libc_a-nano-svfprintf.o)
                0x00000000080028f0                __ssputs_r
 .text._svfprintf_r
                0x00000000080029a4      0x1fc D:/Program Files/STM32CubeIDE_1.13.1/STM32CubeIDE/plugins/com.st.stm32cube.ide.mcu.externaltools.gnu-tools-for-stm32.11.3.rel1.win32_1.1.100.202309141235/tools/bin/../lib/gcc/arm-none-eabi/11.3.1/../../../../arm-none-eabi/lib/thumb/v7-m/nofp\libc_nano.a(libc_a-nano-svfprintf.o)
                0x00000000080029a4                _svfiprintf_r
                0x00000000080029a4                _svfprintf_r
 .text._printf_common
                0x0000000008002ba0       0xe4 D:/Program Files/STM32CubeIDE_1.13.1/STM32CubeIDE/plugins/com.st.stm32cube.ide.mcu.externaltools.gnu-tools-for-stm32.11.3.rel1.win32_1.1.100.202309141235/tools/bin/../lib/gcc/arm-none-eabi/11.3.1/../../../../arm-none-eabi/lib/thumb/v7-m/nofp\libc_nano.a(libc_a-nano-vfprintf_i.o)
                0x0000000008002ba0                _printf_common
 .text._printf_i
                0x0000000008002c84      0x244 D:/Program Files/STM32CubeIDE_1.13.1/STM32CubeIDE/plugins/com.st.stm32cube.ide.mcu.externaltools.gnu-tools-for-stm32.11.3.rel1.win32_1.1.100.202309141235/tools/bin/../lib/gcc/arm-none-eabi/11.3.1/../../../../arm-none-eabi/lib/thumb/v7-m/nofp\libc_nano.a(libc_a-nano-vfprintf_i.o)
                0x0000000008002c84                _printf_i
 .text.memmove  0x0000000008002ec8       0x34 D:/Program Files/STM32CubeIDE_1.13.1/STM32CubeIDE/plugins/com.st.stm32cube.ide.mcu.externaltools.gnu-tools-for-stm32.11.3.rel1.win32_1.1.100.202309141235/tools/bin/../lib/gcc/arm-none-eabi/11.3.1/../../../../arm-none-eabi/lib/thumb/v7-m/nofp\libc_nano.a(libc_a-memmove.o)
                0x0000000008002ec8                memmove
 .text._sbrk_r  0x0000000008002efc       0x20 D:/Program Files/STM32CubeIDE_1.13.1/STM32CubeIDE/plugins/com.st.stm32cube.ide.mcu.externaltools.gnu-tools-for-stm32.11.3.rel1.win32_1.1.100.202309141235/tools/bin/../lib/gcc/arm-none-eabi/11.3.1/../../../../arm-none-eabi/lib/thumb/v7-m/nofp\libc_nano.a(libc_a-sbrkr.o)
                0x0000000008002efc                _sbrk_r
 .text.memchr   0x0000000008002f1c       0x1c D:/Program Files/STM32CubeIDE_1.13.1/STM32CubeIDE/plugins/com.st.stm32cube.ide.mcu.externaltools.gnu-tools-for-stm32.11.3.rel1.win32_1.1.100.202309141235/tools/bin/../lib/gcc/arm-none-eabi/11.3.1/../../../../arm-none-eabi/lib/thumb/v7-m/nofp\libc_nano.a(libc_a-memchr-stub.o)
                0x0000000008002f1c                memchr
 .text.memcpy   0x0000000008002f38       0x1c D:/Program Files/STM32CubeIDE_1.13.1/STM32CubeIDE/plugins/com.st.stm32cube.ide.mcu.externaltools.gnu-tools-for-stm32.11.3.rel1.win32_1.1.100.202309141235/tools/bin/../lib/gcc/arm-none-eabi/11.3.1/../../../../arm-none-eabi/lib/thumb/v7-m/nofp\libc_nano.a(libc_a-memcpy-stub.o)
                0x0000000008002f38                memcpy
 .text._realloc_r
                0x0000000008002f54       0x5e D:/Program Files/STM32CubeIDE_1.13.1/STM32CubeIDE/plugins/com.st.stm32cube.ide.mcu.externaltools.gnu-tools-for-stm32.11.3.rel1.win32_1.1.100.202309141235/tools/bin/../lib/gcc/arm-none-eabi/11.3.1/../../../../arm-none-eabi/lib/thumb/v7-m/nofp\libc_nano.a(libc_a-reallocr.o)
                0x0000000008002f54                _realloc_r
 .text._malloc_usable_size_r
                0x0000000008002fb2       0x10 D:/Program Files/STM32CubeIDE_1.13.1/STM32CubeIDE/plugins/com.st.stm32cube.ide.mcu.externaltools.gnu-tools-for-stm32.11.3.rel1.win32_1.1.100.202309141235/tools/bin/../lib/gcc/arm-none-eabi/11.3.1/../../../../arm-none-eabi/lib/thumb/v7-m/nofp\libc_nano.a(libc_a-msizer.o)
                0x0000000008002fb2                _malloc_usable_size_r
 *(.glue_7)
 .glue_7        0x0000000008002fc2        0x0 linker stubs
 *(.glue_7t)
 .glue_7t       0x0000000008002fc2        0x0 linker stubs
 *(.eh_frame)
 *fill*         0x0000000008002fc2        0x2 
 .eh_frame      0x0000000008002fc4        0x0 D:/Program Files/STM32CubeIDE_1.13.1/STM32CubeIDE/plugins/com.st.stm32cube.ide.mcu.externaltools.gnu-tools-for-stm32.11.3.rel1.win32_1.1.100.202309141235/tools/bin/../lib/gcc/arm-none-eabi/11.3.1/thumb/v7-m/nofp/crtbegin.o
 *(.init)
 .init          0x0000000008002fc4        0x4 D:/Program Files/STM32CubeIDE_1.13.1/STM32CubeIDE/plugins/com.st.stm32cube.ide.mcu.externaltools.gnu-tools-for-stm32.11.3.rel1.win32_1.1.100.202309141235/tools/bin/../lib/gcc/arm-none-eabi/11.3.1/thumb/v7-m/nofp/crti.o
                0x0000000008002fc4                _init
 .init          0x0000000008002fc8        0x8 D:/Program Files/STM32CubeIDE_1.13.1/STM32CubeIDE/plugins/com.st.stm32cube.ide.mcu.externaltools.gnu-tools-for-stm32.11.3.rel1.win32_1.1.100.202309141235/tools/bin/../lib/gcc/arm-none-eabi/11.3.1/thumb/v7-m/nofp/crtn.o
 *(.fini)
 .fini          0x0000000008002fd0        0x4 D:/Program Files/STM32CubeIDE_1.13.1/STM32CubeIDE/plugins/com.st.stm32cube.ide.mcu.externaltools.gnu-tools-for-stm32.11.3.rel1.win32_1.1.100.202309141235/tools/bin/../lib/gcc/arm-none-eabi/11.3.1/thumb/v7-m/nofp/crti.o
                0x0000000008002fd0                _fini
 .fini          0x0000000008002fd4        0x8 D:/Program Files/STM32CubeIDE_1.13.1/STM32CubeIDE/plugins/com.st.stm32cube.ide.mcu.externaltools.gnu-tools-for-stm32.11.3.rel1.win32_1.1.100.202309141235/tools/bin/../lib/gcc/arm-none-eabi/11.3.1/thumb/v7-m/nofp/crtn.o
                0x0000000008002fdc                . = ALIGN (0x4)
                0x0000000008002fdc                _etext = .

.vfp11_veneer   0x0000000008002fdc        0x0
 .vfp11_veneer  0x0000000008002fdc        0x0 linker stubs

.v4_bx          0x0000000008002fdc        0x0
 .v4_bx         0x0000000008002fdc        0x0 linker stubs

.iplt           0x0000000008002fdc        0x0
 .iplt          0x0000000008002fdc        0x0 D:/Program Files/STM32CubeIDE_1.13.1/STM32CubeIDE/plugins/com.st.stm32cube.ide.mcu.externaltools.gnu-tools-for-stm32.11.3.rel1.win32_1.1.100.202309141235/tools/bin/../lib/gcc/arm-none-eabi/11.3.1/thumb/v7-m/nofp/crtbegin.o

.rodata         0x0000000008002fdc     0x3c64
                0x0000000008002fdc                . = ALIGN (0x4)
 *(.rodata)
 .rodata        0x0000000008002fdc       0xaa ./Core/Src/main.o
 *(.rodata*)
 *fill*         0x0000000008003086        0x2 
 .rodata.ASCII8x16_Table
                0x0000000008003088      0x5f0 ./Core/Src/fonts.o
                0x0000000008003088                ASCII8x16_Table
 .rodata.ASCII16x24_Table
                0x0000000008003678     0x11d0 ./Core/Src/fonts.o
                0x0000000008003678                ASCII16x24_Table
 .rodata.ASCII24x32_Table
                0x0000000008004848     0x23a0 ./Core/Src/fonts.o
                0x0000000008004848                ASCII24x32_Table
 .rodata.AHBPrescTable
                0x0000000008006be8       0x10 ./Core/Src/system_stm32f1xx.o
                0x0000000008006be8                AHBPrescTable
 .rodata.aPLLMULFactorTable.1
                0x0000000008006bf8       0x10 ./Drivers/STM32F1xx_HAL_Driver/Src/stm32f1xx_hal_rcc.o
 .rodata.aPredivFactorTable.0
                0x0000000008006c08        0x2 ./Drivers/STM32F1xx_HAL_Driver/Src/stm32f1xx_hal_rcc.o
 .rodata._svfprintf_r.str1.1
                0x0000000008006c0a       0x11 D:/Program Files/STM32CubeIDE_1.13.1/STM32CubeIDE/plugins/com.st.stm32cube.ide.mcu.externaltools.gnu-tools-for-stm32.11.3.rel1.win32_1.1.100.202309141235/tools/bin/../lib/gcc/arm-none-eabi/11.3.1/../../../../arm-none-eabi/lib/thumb/v7-m/nofp\libc_nano.a(libc_a-nano-svfprintf.o)
 .rodata._printf_i.str1.1
                0x0000000008006c1b       0x22 D:/Program Files/STM32CubeIDE_1.13.1/STM32CubeIDE/plugins/com.st.stm32cube.ide.mcu.externaltools.gnu-tools-for-stm32.11.3.rel1.win32_1.1.100.202309141235/tools/bin/../lib/gcc/arm-none-eabi/11.3.1/../../../../arm-none-eabi/lib/thumb/v7-m/nofp\libc_nano.a(libc_a-nano-vfprintf_i.o)
                0x0000000008006c40                . = ALIGN (0x4)
 *fill*         0x0000000008006c3d        0x3 

.rel.dyn        0x0000000008006c40        0x0
 .rel.iplt      0x0000000008006c40        0x0 D:/Program Files/STM32CubeIDE_1.13.1/STM32CubeIDE/plugins/com.st.stm32cube.ide.mcu.externaltools.gnu-tools-for-stm32.11.3.rel1.win32_1.1.100.202309141235/tools/bin/../lib/gcc/arm-none-eabi/11.3.1/thumb/v7-m/nofp/crtbegin.o

.ARM.extab      0x0000000008006c40        0x0
                0x0000000008006c40                . = ALIGN (0x4)
 *(.ARM.extab* .gnu.linkonce.armextab.*)
                0x0000000008006c40                . = ALIGN (0x4)

.ARM            0x0000000008006c40        0x0
                0x0000000008006c40                . = ALIGN (0x4)
                0x0000000008006c40                __exidx_start = .
 *(.ARM.exidx*)
                0x0000000008006c40                __exidx_end = .
                0x0000000008006c40                . = ALIGN (0x4)

.preinit_array  0x0000000008006c40        0x0
                0x0000000008006c40                . = ALIGN (0x4)
                0x0000000008006c40                PROVIDE (__preinit_array_start = .)
 *(.preinit_array*)
                0x0000000008006c40                PROVIDE (__preinit_array_end = .)
                0x0000000008006c40                . = ALIGN (0x4)

.init_array     0x0000000008006c40        0x4
                0x0000000008006c40                . = ALIGN (0x4)
                0x0000000008006c40                PROVIDE (__init_array_start = .)
 *(SORT_BY_NAME(.init_array.*))
 *(.init_array*)
 .init_array    0x0000000008006c40        0x4 D:/Program Files/STM32CubeIDE_1.13.1/STM32CubeIDE/plugins/com.st.stm32cube.ide.mcu.externaltools.gnu-tools-for-stm32.11.3.rel1.win32_1.1.100.202309141235/tools/bin/../lib/gcc/arm-none-eabi/11.3.1/thumb/v7-m/nofp/crtbegin.o
                0x0000000008006c44                PROVIDE (__init_array_end = .)
                0x0000000008006c44                . = ALIGN (0x4)

.fini_array     0x0000000008006c44        0x4
                0x0000000008006c44                . = ALIGN (0x4)
                [!provide]                        PROVIDE (__fini_array_start = .)
 *(SORT_BY_NAME(.fini_array.*))
 *(.fini_array*)
 .fini_array    0x0000000008006c44        0x4 D:/Program Files/STM32CubeIDE_1.13.1/STM32CubeIDE/plugins/com.st.stm32cube.ide.mcu.externaltools.gnu-tools-for-stm32.11.3.rel1.win32_1.1.100.202309141235/tools/bin/../lib/gcc/arm-none-eabi/11.3.1/thumb/v7-m/nofp/crtbegin.o
                [!provide]                        PROVIDE (__fini_array_end = .)
                0x0000000008006c48                . = ALIGN (0x4)
                0x0000000008006c48                _sidata = LOADADDR (.data)

.data           0x0000000020000000       0x84 load address 0x0000000008006c48
                0x0000000020000000                . = ALIGN (0x4)
                0x0000000020000000                _sdata = .
 *(.data)
 *(.data*)
 .data.LCD_X_LENGTH
                0x0000000020000000        0x2 ./Core/Src/bsp_ili9341_lcd.o
                0x0000000020000000                LCD_X_LENGTH
 .data.LCD_Y_LENGTH
                0x0000000020000002        0x2 ./Core/Src/bsp_ili9341_lcd.o
                0x0000000020000002                LCD_Y_LENGTH
 .data.LCD_SCAN_MODE
                0x0000000020000004        0x1 ./Core/Src/bsp_ili9341_lcd.o
                0x0000000020000004                LCD_SCAN_MODE
 *fill*         0x0000000020000005        0x3 
 .data.LCD_Currentfonts
                0x0000000020000008        0x4 ./Core/Src/bsp_ili9341_lcd.o
 .data.CurrentBackColor
                0x000000002000000c        0x2 ./Core/Src/bsp_ili9341_lcd.o
 *fill*         0x000000002000000e        0x2 
 .data.Font8x16
                0x0000000020000010        0x8 ./Core/Src/fonts.o
                0x0000000020000010                Font8x16
 .data.Font16x24
                0x0000000020000018        0x8 ./Core/Src/fonts.o
                0x0000000020000018                Font16x24
 .data.Font24x32
                0x0000000020000020        0x8 ./Core/Src/fonts.o
                0x0000000020000020                Font24x32
 .data.SystemCoreClock
                0x0000000020000028        0x4 ./Core/Src/system_stm32f1xx.o
                0x0000000020000028                SystemCoreClock
 .data.uwTickPrio
                0x000000002000002c        0x4 ./Drivers/STM32F1xx_HAL_Driver/Src/stm32f1xx_hal.o
                0x000000002000002c                uwTickPrio
 .data.uwTickFreq
                0x0000000020000030        0x1 ./Drivers/STM32F1xx_HAL_Driver/Src/stm32f1xx_hal.o
                0x0000000020000030                uwTickFreq
 *fill*         0x0000000020000031        0x3 
 .data._impure_data
                0x0000000020000034       0x4c D:/Program Files/STM32CubeIDE_1.13.1/STM32CubeIDE/plugins/com.st.stm32cube.ide.mcu.externaltools.gnu-tools-for-stm32.11.3.rel1.win32_1.1.100.202309141235/tools/bin/../lib/gcc/arm-none-eabi/11.3.1/../../../../arm-none-eabi/lib/thumb/v7-m/nofp\libc_nano.a(libc_a-impure.o)
                0x0000000020000034                _impure_data
 .data._impure_ptr
                0x0000000020000080        0x4 D:/Program Files/STM32CubeIDE_1.13.1/STM32CubeIDE/plugins/com.st.stm32cube.ide.mcu.externaltools.gnu-tools-for-stm32.11.3.rel1.win32_1.1.100.202309141235/tools/bin/../lib/gcc/arm-none-eabi/11.3.1/../../../../arm-none-eabi/lib/thumb/v7-m/nofp\libc_nano.a(libc_a-impure.o)
                0x0000000020000080                _impure_ptr
 *(.RamFunc)
 *(.RamFunc*)
                0x0000000020000084                . = ALIGN (0x4)
                0x0000000020000084                _edata = .

.igot.plt       0x0000000020000084        0x0 load address 0x0000000008006ccc
 .igot.plt      0x0000000020000084        0x0 D:/Program Files/STM32CubeIDE_1.13.1/STM32CubeIDE/plugins/com.st.stm32cube.ide.mcu.externaltools.gnu-tools-for-stm32.11.3.rel1.win32_1.1.100.202309141235/tools/bin/../lib/gcc/arm-none-eabi/11.3.1/thumb/v7-m/nofp/crtbegin.o
                0x0000000020000084                . = ALIGN (0x4)

.bss            0x0000000020000084      0x174 load address 0x0000000008006ccc
                0x0000000020000084                _sbss = .
                0x0000000020000084                __bss_start__ = _sbss
 *(.bss)
 .bss           0x0000000020000084       0x1c D:/Program Files/STM32CubeIDE_1.13.1/STM32CubeIDE/plugins/com.st.stm32cube.ide.mcu.externaltools.gnu-tools-for-stm32.11.3.rel1.win32_1.1.100.202309141235/tools/bin/../lib/gcc/arm-none-eabi/11.3.1/thumb/v7-m/nofp/crtbegin.o
 *(.bss*)
 .bss.lcdid     0x00000000200000a0        0x2 ./Core/Src/bsp_ili9341_lcd.o
                0x00000000200000a0                lcdid
 .bss.CurrentTextColor
                0x00000000200000a2        0x2 ./Core/Src/bsp_ili9341_lcd.o
 .bss.testCNT.0
                0x00000000200000a4        0x1 ./Core/Src/main.o
 *fill*         0x00000000200000a5        0x3 
 .bss.__sbrk_heap_end
                0x00000000200000a8        0x4 ./Core/Src/sysmem.o
 .bss.uwTick    0x00000000200000ac        0x4 ./Drivers/STM32F1xx_HAL_Driver/Src/stm32f1xx_hal.o
                0x00000000200000ac                uwTick
 .bss.__sf      0x00000000200000b0      0x138 D:/Program Files/STM32CubeIDE_1.13.1/STM32CubeIDE/plugins/com.st.stm32cube.ide.mcu.externaltools.gnu-tools-for-stm32.11.3.rel1.win32_1.1.100.202309141235/tools/bin/../lib/gcc/arm-none-eabi/11.3.1/../../../../arm-none-eabi/lib/thumb/v7-m/nofp\libc_nano.a(libc_a-findfp.o)
                0x00000000200000b0                __sf
 .bss.errno     0x00000000200001e8        0x4 D:/Program Files/STM32CubeIDE_1.13.1/STM32CubeIDE/plugins/com.st.stm32cube.ide.mcu.externaltools.gnu-tools-for-stm32.11.3.rel1.win32_1.1.100.202309141235/tools/bin/../lib/gcc/arm-none-eabi/11.3.1/../../../../arm-none-eabi/lib/thumb/v7-m/nofp\libc_nano.a(libc_a-reent.o)
                0x00000000200001e8                errno
 .bss.__lock___malloc_recursive_mutex
                0x00000000200001ec        0x1 D:/Program Files/STM32CubeIDE_1.13.1/STM32CubeIDE/plugins/com.st.stm32cube.ide.mcu.externaltools.gnu-tools-for-stm32.11.3.rel1.win32_1.1.100.202309141235/tools/bin/../lib/gcc/arm-none-eabi/11.3.1/../../../../arm-none-eabi/lib/thumb/v7-m/nofp\libc_nano.a(libc_a-lock.o)
                0x00000000200001ec                __lock___malloc_recursive_mutex
 *fill*         0x00000000200001ed        0x3 
 .bss.__malloc_free_list
                0x00000000200001f0        0x4 D:/Program Files/STM32CubeIDE_1.13.1/STM32CubeIDE/plugins/com.st.stm32cube.ide.mcu.externaltools.gnu-tools-for-stm32.11.3.rel1.win32_1.1.100.202309141235/tools/bin/../lib/gcc/arm-none-eabi/11.3.1/../../../../arm-none-eabi/lib/thumb/v7-m/nofp\libc_nano.a(libc_a-mallocr.o)
                0x00000000200001f0                __malloc_free_list
 .bss.__malloc_sbrk_start
                0x00000000200001f4        0x4 D:/Program Files/STM32CubeIDE_1.13.1/STM32CubeIDE/plugins/com.st.stm32cube.ide.mcu.externaltools.gnu-tools-for-stm32.11.3.rel1.win32_1.1.100.202309141235/tools/bin/../lib/gcc/arm-none-eabi/11.3.1/../../../../arm-none-eabi/lib/thumb/v7-m/nofp\libc_nano.a(libc_a-mallocr.o)
                0x00000000200001f4                __malloc_sbrk_start
 *(COMMON)
                0x00000000200001f8                . = ALIGN (0x4)
                0x00000000200001f8                _ebss = .
                0x00000000200001f8                __bss_end__ = _ebss

._user_heap_stack
                0x00000000200001f8      0x600 load address 0x0000000008006ccc
                0x00000000200001f8                . = ALIGN (0x8)
                [!provide]                        PROVIDE (end = .)
                0x00000000200001f8                PROVIDE (_end = .)
                0x00000000200003f8                . = (. + _Min_Heap_Size)
 *fill*         0x00000000200001f8      0x200 
                0x00000000200007f8                . = (. + _Min_Stack_Size)
 *fill*         0x00000000200003f8      0x400 
                0x00000000200007f8                . = ALIGN (0x8)

/DISCARD/
 libc.a(*)
 libm.a(*)
 libgcc.a(*)

.ARM.attributes
                0x0000000000000000       0x29
 *(.ARM.attributes)
 .ARM.attributes
                0x0000000000000000       0x1d D:/Program Files/STM32CubeIDE_1.13.1/STM32CubeIDE/plugins/com.st.stm32cube.ide.mcu.externaltools.gnu-tools-for-stm32.11.3.rel1.win32_1.1.100.202309141235/tools/bin/../lib/gcc/arm-none-eabi/11.3.1/thumb/v7-m/nofp/crti.o
 .ARM.attributes
                0x000000000000001d       0x2d D:/Program Files/STM32CubeIDE_1.13.1/STM32CubeIDE/plugins/com.st.stm32cube.ide.mcu.externaltools.gnu-tools-for-stm32.11.3.rel1.win32_1.1.100.202309141235/tools/bin/../lib/gcc/arm-none-eabi/11.3.1/thumb/v7-m/nofp/crtbegin.o
 .ARM.attributes
                0x000000000000004a       0x2d ./Core/Src/bsp_ili9341_lcd.o
 .ARM.attributes
                0x0000000000000077       0x2d ./Core/Src/fonts.o
 .ARM.attributes
                0x00000000000000a4       0x2d ./Core/Src/gpio.o
 .ARM.attributes
                0x00000000000000d1       0x2d ./Core/Src/main.o
 .ARM.attributes
                0x00000000000000fe       0x2d ./Core/Src/stm32f1xx_hal_msp.o
 .ARM.attributes
                0x000000000000012b       0x2d ./Core/Src/stm32f1xx_it.o
 .ARM.attributes
                0x0000000000000158       0x2d ./Core/Src/sysmem.o
 .ARM.attributes
                0x0000000000000185       0x2d ./Core/Src/system_stm32f1xx.o
 .ARM.attributes
                0x00000000000001b2       0x21 ./Core/Startup/startup_stm32f103rctx.o
 .ARM.attributes
                0x00000000000001d3       0x2d ./Drivers/STM32F1xx_HAL_Driver/Src/stm32f1xx_hal.o
 .ARM.attributes
                0x0000000000000200       0x2d ./Drivers/STM32F1xx_HAL_Driver/Src/stm32f1xx_hal_cortex.o
 .ARM.attributes
                0x000000000000022d       0x2d ./Drivers/STM32F1xx_HAL_Driver/Src/stm32f1xx_hal_gpio.o
 .ARM.attributes
                0x000000000000025a       0x2d ./Drivers/STM32F1xx_HAL_Driver/Src/stm32f1xx_hal_rcc.o
 .ARM.attributes
                0x0000000000000287       0x2d D:/Program Files/STM32CubeIDE_1.13.1/STM32CubeIDE/plugins/com.st.stm32cube.ide.mcu.externaltools.gnu-tools-for-stm32.11.3.rel1.win32_1.1.100.202309141235/tools/bin/../lib/gcc/arm-none-eabi/11.3.1/../../../../arm-none-eabi/lib/thumb/v7-m/nofp\libc_nano.a(libc_a-findfp.o)
 .ARM.attributes
                0x00000000000002b4       0x2d D:/Program Files/STM32CubeIDE_1.13.1/STM32CubeIDE/plugins/com.st.stm32cube.ide.mcu.externaltools.gnu-tools-for-stm32.11.3.rel1.win32_1.1.100.202309141235/tools/bin/../lib/gcc/arm-none-eabi/11.3.1/../../../../arm-none-eabi/lib/thumb/v7-m/nofp\libc_nano.a(libc_a-sprintf.o)
 .ARM.attributes
                0x00000000000002e1       0x2d D:/Program Files/STM32CubeIDE_1.13.1/STM32CubeIDE/plugins/com.st.stm32cube.ide.mcu.externaltools.gnu-tools-for-stm32.11.3.rel1.win32_1.1.100.202309141235/tools/bin/../lib/gcc/arm-none-eabi/11.3.1/../../../../arm-none-eabi/lib/thumb/v7-m/nofp\libc_nano.a(libc_a-memset.o)
 .ARM.attributes
                0x000000000000030e       0x2d D:/Program Files/STM32CubeIDE_1.13.1/STM32CubeIDE/plugins/com.st.stm32cube.ide.mcu.externaltools.gnu-tools-for-stm32.11.3.rel1.win32_1.1.100.202309141235/tools/bin/../lib/gcc/arm-none-eabi/11.3.1/../../../../arm-none-eabi/lib/thumb/v7-m/nofp\libc_nano.a(libc_a-reent.o)
 .ARM.attributes
                0x000000000000033b       0x2d D:/Program Files/STM32CubeIDE_1.13.1/STM32CubeIDE/plugins/com.st.stm32cube.ide.mcu.externaltools.gnu-tools-for-stm32.11.3.rel1.win32_1.1.100.202309141235/tools/bin/../lib/gcc/arm-none-eabi/11.3.1/../../../../arm-none-eabi/lib/thumb/v7-m/nofp\libc_nano.a(libc_a-impure.o)
 .ARM.attributes
                0x0000000000000368       0x2d D:/Program Files/STM32CubeIDE_1.13.1/STM32CubeIDE/plugins/com.st.stm32cube.ide.mcu.externaltools.gnu-tools-for-stm32.11.3.rel1.win32_1.1.100.202309141235/tools/bin/../lib/gcc/arm-none-eabi/11.3.1/../../../../arm-none-eabi/lib/thumb/v7-m/nofp\libc_nano.a(libc_a-errno.o)
 .ARM.attributes
                0x0000000000000395       0x2d D:/Program Files/STM32CubeIDE_1.13.1/STM32CubeIDE/plugins/com.st.stm32cube.ide.mcu.externaltools.gnu-tools-for-stm32.11.3.rel1.win32_1.1.100.202309141235/tools/bin/../lib/gcc/arm-none-eabi/11.3.1/../../../../arm-none-eabi/lib/thumb/v7-m/nofp\libc_nano.a(libc_a-init.o)
 .ARM.attributes
                0x00000000000003c2       0x2d D:/Program Files/STM32CubeIDE_1.13.1/STM32CubeIDE/plugins/com.st.stm32cube.ide.mcu.externaltools.gnu-tools-for-stm32.11.3.rel1.win32_1.1.100.202309141235/tools/bin/../lib/gcc/arm-none-eabi/11.3.1/../../../../arm-none-eabi/lib/thumb/v7-m/nofp\libc_nano.a(libc_a-lock.o)
 .ARM.attributes
                0x00000000000003ef       0x2d D:/Program Files/STM32CubeIDE_1.13.1/STM32CubeIDE/plugins/com.st.stm32cube.ide.mcu.externaltools.gnu-tools-for-stm32.11.3.rel1.win32_1.1.100.202309141235/tools/bin/../lib/gcc/arm-none-eabi/11.3.1/../../../../arm-none-eabi/lib/thumb/v7-m/nofp\libc_nano.a(libc_a-freer.o)
 .ARM.attributes
                0x000000000000041c       0x2d D:/Program Files/STM32CubeIDE_1.13.1/STM32CubeIDE/plugins/com.st.stm32cube.ide.mcu.externaltools.gnu-tools-for-stm32.11.3.rel1.win32_1.1.100.202309141235/tools/bin/../lib/gcc/arm-none-eabi/11.3.1/../../../../arm-none-eabi/lib/thumb/v7-m/nofp\libc_nano.a(libc_a-mallocr.o)
 .ARM.attributes
                0x0000000000000449       0x2d D:/Program Files/STM32CubeIDE_1.13.1/STM32CubeIDE/plugins/com.st.stm32cube.ide.mcu.externaltools.gnu-tools-for-stm32.11.3.rel1.win32_1.1.100.202309141235/tools/bin/../lib/gcc/arm-none-eabi/11.3.1/../../../../arm-none-eabi/lib/thumb/v7-m/nofp\libc_nano.a(libc_a-mlock.o)
 .ARM.attributes
                0x0000000000000476       0x2d D:/Program Files/STM32CubeIDE_1.13.1/STM32CubeIDE/plugins/com.st.stm32cube.ide.mcu.externaltools.gnu-tools-for-stm32.11.3.rel1.win32_1.1.100.202309141235/tools/bin/../lib/gcc/arm-none-eabi/11.3.1/../../../../arm-none-eabi/lib/thumb/v7-m/nofp\libc_nano.a(libc_a-nano-svfprintf.o)
 .ARM.attributes
                0x00000000000004a3       0x2d D:/Program Files/STM32CubeIDE_1.13.1/STM32CubeIDE/plugins/com.st.stm32cube.ide.mcu.externaltools.gnu-tools-for-stm32.11.3.rel1.win32_1.1.100.202309141235/tools/bin/../lib/gcc/arm-none-eabi/11.3.1/../../../../arm-none-eabi/lib/thumb/v7-m/nofp\libc_nano.a(libc_a-nano-vfprintf_i.o)
 .ARM.attributes
                0x00000000000004d0       0x2d D:/Program Files/STM32CubeIDE_1.13.1/STM32CubeIDE/plugins/com.st.stm32cube.ide.mcu.externaltools.gnu-tools-for-stm32.11.3.rel1.win32_1.1.100.202309141235/tools/bin/../lib/gcc/arm-none-eabi/11.3.1/../../../../arm-none-eabi/lib/thumb/v7-m/nofp\libc_nano.a(libc_a-memmove.o)
 .ARM.attributes
                0x00000000000004fd       0x2d D:/Program Files/STM32CubeIDE_1.13.1/STM32CubeIDE/plugins/com.st.stm32cube.ide.mcu.externaltools.gnu-tools-for-stm32.11.3.rel1.win32_1.1.100.202309141235/tools/bin/../lib/gcc/arm-none-eabi/11.3.1/../../../../arm-none-eabi/lib/thumb/v7-m/nofp\libc_nano.a(libc_a-sbrkr.o)
 .ARM.attributes
                0x000000000000052a       0x2d D:/Program Files/STM32CubeIDE_1.13.1/STM32CubeIDE/plugins/com.st.stm32cube.ide.mcu.externaltools.gnu-tools-for-stm32.11.3.rel1.win32_1.1.100.202309141235/tools/bin/../lib/gcc/arm-none-eabi/11.3.1/../../../../arm-none-eabi/lib/thumb/v7-m/nofp\libc_nano.a(libc_a-memchr-stub.o)
 .ARM.attributes
                0x0000000000000557       0x2d D:/Program Files/STM32CubeIDE_1.13.1/STM32CubeIDE/plugins/com.st.stm32cube.ide.mcu.externaltools.gnu-tools-for-stm32.11.3.rel1.win32_1.1.100.202309141235/tools/bin/../lib/gcc/arm-none-eabi/11.3.1/../../../../arm-none-eabi/lib/thumb/v7-m/nofp\libc_nano.a(libc_a-memcpy-stub.o)
 .ARM.attributes
                0x0000000000000584       0x2d D:/Program Files/STM32CubeIDE_1.13.1/STM32CubeIDE/plugins/com.st.stm32cube.ide.mcu.externaltools.gnu-tools-for-stm32.11.3.rel1.win32_1.1.100.202309141235/tools/bin/../lib/gcc/arm-none-eabi/11.3.1/../../../../arm-none-eabi/lib/thumb/v7-m/nofp\libc_nano.a(libc_a-reallocr.o)
 .ARM.attributes
                0x00000000000005b1       0x2d D:/Program Files/STM32CubeIDE_1.13.1/STM32CubeIDE/plugins/com.st.stm32cube.ide.mcu.externaltools.gnu-tools-for-stm32.11.3.rel1.win32_1.1.100.202309141235/tools/bin/../lib/gcc/arm-none-eabi/11.3.1/../../../../arm-none-eabi/lib/thumb/v7-m/nofp\libc_nano.a(libc_a-msizer.o)
 .ARM.attributes
                0x00000000000005de       0x1d D:/Program Files/STM32CubeIDE_1.13.1/STM32CubeIDE/plugins/com.st.stm32cube.ide.mcu.externaltools.gnu-tools-for-stm32.11.3.rel1.win32_1.1.100.202309141235/tools/bin/../lib/gcc/arm-none-eabi/11.3.1/thumb/v7-m/nofp/crtn.o
OUTPUT(stm32_lcd.elf elf32-littlearm)
LOAD linker stubs
LOAD D:/Program Files/STM32CubeIDE_1.13.1/STM32CubeIDE/plugins/com.st.stm32cube.ide.mcu.externaltools.gnu-tools-for-stm32.11.3.rel1.win32_1.1.100.202309141235/tools/bin/../lib/gcc/arm-none-eabi/11.3.1/../../../../arm-none-eabi/lib/thumb/v7-m/nofp\libc.a
LOAD D:/Program Files/STM32CubeIDE_1.13.1/STM32CubeIDE/plugins/com.st.stm32cube.ide.mcu.externaltools.gnu-tools-for-stm32.11.3.rel1.win32_1.1.100.202309141235/tools/bin/../lib/gcc/arm-none-eabi/11.3.1/../../../../arm-none-eabi/lib/thumb/v7-m/nofp\libm.a
LOAD D:/Program Files/STM32CubeIDE_1.13.1/STM32CubeIDE/plugins/com.st.stm32cube.ide.mcu.externaltools.gnu-tools-for-stm32.11.3.rel1.win32_1.1.100.202309141235/tools/bin/../lib/gcc/arm-none-eabi/11.3.1/thumb/v7-m/nofp\libgcc.a

.comment        0x0000000000000000       0x43
 .comment       0x0000000000000000       0x43 D:/Program Files/STM32CubeIDE_1.13.1/STM32CubeIDE/plugins/com.st.stm32cube.ide.mcu.externaltools.gnu-tools-for-stm32.11.3.rel1.win32_1.1.100.202309141235/tools/bin/../lib/gcc/arm-none-eabi/11.3.1/thumb/v7-m/nofp/crtbegin.o
                                         0x44 (size before relaxing)
 .comment       0x0000000000000043       0x44 ./Core/Src/bsp_ili9341_lcd.o
 .comment       0x0000000000000043       0x44 ./Core/Src/fonts.o
 .comment       0x0000000000000043       0x44 ./Core/Src/gpio.o
 .comment       0x0000000000000043       0x44 ./Core/Src/main.o
 .comment       0x0000000000000043       0x44 ./Core/Src/stm32f1xx_hal_msp.o
 .comment       0x0000000000000043       0x44 ./Core/Src/stm32f1xx_it.o
 .comment       0x0000000000000043       0x44 ./Core/Src/sysmem.o
 .comment       0x0000000000000043       0x44 ./Core/Src/system_stm32f1xx.o
 .comment       0x0000000000000043       0x44 ./Drivers/STM32F1xx_HAL_Driver/Src/stm32f1xx_hal.o
 .comment       0x0000000000000043       0x44 ./Drivers/STM32F1xx_HAL_Driver/Src/stm32f1xx_hal_cortex.o
 .comment       0x0000000000000043       0x44 ./Drivers/STM32F1xx_HAL_Driver/Src/stm32f1xx_hal_gpio.o
 .comment       0x0000000000000043       0x44 ./Drivers/STM32F1xx_HAL_Driver/Src/stm32f1xx_hal_rcc.o

.debug_info     0x0000000000000000     0x3a85
 .debug_info    0x0000000000000000      0xbe9 ./Core/Src/bsp_ili9341_lcd.o
 .debug_info    0x0000000000000be9      0x1a3 ./Core/Src/fonts.o
 .debug_info    0x0000000000000d8c      0x169 ./Core/Src/gpio.o
 .debug_info    0x0000000000000ef5      0x508 ./Core/Src/main.o
 .debug_info    0x00000000000013fd      0x1f1 ./Core/Src/stm32f1xx_hal_msp.o
 .debug_info    0x00000000000015ee      0x113 ./Core/Src/stm32f1xx_it.o
 .debug_info    0x0000000000001701      0x168 ./Core/Src/sysmem.o
 .debug_info    0x0000000000001869      0x222 ./Core/Src/system_stm32f1xx.o
 .debug_info    0x0000000000001a8b       0x23 ./Core/Startup/startup_stm32f103rctx.o
 .debug_info    0x0000000000001aae      0x76a ./Drivers/STM32F1xx_HAL_Driver/Src/stm32f1xx_hal.o
 .debug_info    0x0000000000002218      0xaed ./Drivers/STM32F1xx_HAL_Driver/Src/stm32f1xx_hal_cortex.o
 .debug_info    0x0000000000002d05      0x5ab ./Drivers/STM32F1xx_HAL_Driver/Src/stm32f1xx_hal_gpio.o
 .debug_info    0x00000000000032b0      0x7d5 ./Drivers/STM32F1xx_HAL_Driver/Src/stm32f1xx_hal_rcc.o

.debug_abbrev   0x0000000000000000     0x13ac
 .debug_abbrev  0x0000000000000000      0x30c ./Core/Src/bsp_ili9341_lcd.o
 .debug_abbrev  0x000000000000030c       0xca ./Core/Src/fonts.o
 .debug_abbrev  0x00000000000003d6       0xc6 ./Core/Src/gpio.o
 .debug_abbrev  0x000000000000049c      0x23f ./Core/Src/main.o
 .debug_abbrev  0x00000000000006db       0xdb ./Core/Src/stm32f1xx_hal_msp.o
 .debug_abbrev  0x00000000000007b6       0x73 ./Core/Src/stm32f1xx_it.o
 .debug_abbrev  0x0000000000000829       0xbc ./Core/Src/sysmem.o
 .debug_abbrev  0x00000000000008e5      0x13f ./Core/Src/system_stm32f1xx.o
 .debug_abbrev  0x0000000000000a24       0x12 ./Core/Startup/startup_stm32f103rctx.o
 .debug_abbrev  0x0000000000000a36      0x201 ./Drivers/STM32F1xx_HAL_Driver/Src/stm32f1xx_hal.o
 .debug_abbrev  0x0000000000000c37      0x2f8 ./Drivers/STM32F1xx_HAL_Driver/Src/stm32f1xx_hal_cortex.o
 .debug_abbrev  0x0000000000000f2f      0x1ca ./Drivers/STM32F1xx_HAL_Driver/Src/stm32f1xx_hal_gpio.o
 .debug_abbrev  0x00000000000010f9      0x2b3 ./Drivers/STM32F1xx_HAL_Driver/Src/stm32f1xx_hal_rcc.o

.debug_aranges  0x0000000000000000      0x540
 .debug_aranges
                0x0000000000000000      0x110 ./Core/Src/bsp_ili9341_lcd.o
 .debug_aranges
                0x0000000000000110       0x18 ./Core/Src/fonts.o
 .debug_aranges
                0x0000000000000128       0x20 ./Core/Src/gpio.o
 .debug_aranges
                0x0000000000000148       0x40 ./Core/Src/main.o
 .debug_aranges
                0x0000000000000188       0x20 ./Core/Src/stm32f1xx_hal_msp.o
 .debug_aranges
                0x00000000000001a8       0x60 ./Core/Src/stm32f1xx_it.o
 .debug_aranges
                0x0000000000000208       0x20 ./Core/Src/sysmem.o
 .debug_aranges
                0x0000000000000228       0x28 ./Core/Src/system_stm32f1xx.o
 .debug_aranges
                0x0000000000000250       0x28 ./Core/Startup/startup_stm32f103rctx.o
 .debug_aranges
                0x0000000000000278       0xe0 ./Drivers/STM32F1xx_HAL_Driver/Src/stm32f1xx_hal.o
 .debug_aranges
                0x0000000000000358      0x100 ./Drivers/STM32F1xx_HAL_Driver/Src/stm32f1xx_hal_cortex.o
 .debug_aranges
                0x0000000000000458       0x58 ./Drivers/STM32F1xx_HAL_Driver/Src/stm32f1xx_hal_gpio.o
 .debug_aranges
                0x00000000000004b0       0x90 ./Drivers/STM32F1xx_HAL_Driver/Src/stm32f1xx_hal_rcc.o

.debug_rnglists
                0x0000000000000000      0x3b8
 .debug_rnglists
                0x0000000000000000       0xd3 ./Core/Src/bsp_ili9341_lcd.o
 .debug_rnglists
                0x00000000000000d3       0x13 ./Core/Src/gpio.o
 .debug_rnglists
                0x00000000000000e6       0x2d ./Core/Src/main.o
 .debug_rnglists
                0x0000000000000113       0x13 ./Core/Src/stm32f1xx_hal_msp.o
 .debug_rnglists
                0x0000000000000126       0x43 ./Core/Src/stm32f1xx_it.o
 .debug_rnglists
                0x0000000000000169       0x13 ./Core/Src/sysmem.o
 .debug_rnglists
                0x000000000000017c       0x1a ./Core/Src/system_stm32f1xx.o
 .debug_rnglists
                0x0000000000000196       0x19 ./Core/Startup/startup_stm32f103rctx.o
 .debug_rnglists
                0x00000000000001af       0xa3 ./Drivers/STM32F1xx_HAL_Driver/Src/stm32f1xx_hal.o
 .debug_rnglists
                0x0000000000000252       0xbb ./Drivers/STM32F1xx_HAL_Driver/Src/stm32f1xx_hal_cortex.o
 .debug_rnglists
                0x000000000000030d       0x3f ./Drivers/STM32F1xx_HAL_Driver/Src/stm32f1xx_hal_gpio.o
 .debug_rnglists
                0x000000000000034c       0x6c ./Drivers/STM32F1xx_HAL_Driver/Src/stm32f1xx_hal_rcc.o

.debug_macro    0x0000000000000000    0x18c5e
 .debug_macro   0x0000000000000000      0x1a0 ./Core/Src/bsp_ili9341_lcd.o
 .debug_macro   0x00000000000001a0      0xa9c ./Core/Src/bsp_ili9341_lcd.o
 .debug_macro   0x0000000000000c3c       0x2e ./Core/Src/bsp_ili9341_lcd.o
 .debug_macro   0x0000000000000c6a       0x22 ./Core/Src/bsp_ili9341_lcd.o
 .debug_macro   0x0000000000000c8c       0x22 ./Core/Src/bsp_ili9341_lcd.o
 .debug_macro   0x0000000000000cae       0x8e ./Core/Src/bsp_ili9341_lcd.o
 .debug_macro   0x0000000000000d3c       0x51 ./Core/Src/bsp_ili9341_lcd.o
 .debug_macro   0x0000000000000d8d      0x103 ./Core/Src/bsp_ili9341_lcd.o
 .debug_macro   0x0000000000000e90       0x6a ./Core/Src/bsp_ili9341_lcd.o
 .debug_macro   0x0000000000000efa      0x1df ./Core/Src/bsp_ili9341_lcd.o
 .debug_macro   0x00000000000010d9       0x1c ./Core/Src/bsp_ili9341_lcd.o
 .debug_macro   0x00000000000010f5       0x22 ./Core/Src/bsp_ili9341_lcd.o
 .debug_macro   0x0000000000001117       0xbd ./Core/Src/bsp_ili9341_lcd.o
 .debug_macro   0x00000000000011d4      0xd23 ./Core/Src/bsp_ili9341_lcd.o
 .debug_macro   0x0000000000001ef7     0xfd8c ./Core/Src/bsp_ili9341_lcd.o
 .debug_macro   0x0000000000011c83       0x6d ./Core/Src/bsp_ili9341_lcd.o
 .debug_macro   0x0000000000011cf0      0x20f ./Core/Src/bsp_ili9341_lcd.o
 .debug_macro   0x0000000000011eff     0x348d ./Core/Src/bsp_ili9341_lcd.o
 .debug_macro   0x000000000001538c      0x174 ./Core/Src/bsp_ili9341_lcd.o
 .debug_macro   0x0000000000015500       0x5c ./Core/Src/bsp_ili9341_lcd.o
 .debug_macro   0x000000000001555c      0x5bc ./Core/Src/bsp_ili9341_lcd.o
 .debug_macro   0x0000000000015b18      0x4d5 ./Core/Src/bsp_ili9341_lcd.o
 .debug_macro   0x0000000000015fed      0x1cb ./Core/Src/bsp_ili9341_lcd.o
 .debug_macro   0x00000000000161b8      0x114 ./Core/Src/bsp_ili9341_lcd.o
 .debug_macro   0x00000000000162cc      0x1ea ./Core/Src/bsp_ili9341_lcd.o
 .debug_macro   0x00000000000164b6       0x27 ./Core/Src/bsp_ili9341_lcd.o
 .debug_macro   0x00000000000164dd      0x144 ./Core/Src/bsp_ili9341_lcd.o
 .debug_macro   0x0000000000016621      0x1bc ./Core/Src/bsp_ili9341_lcd.o
 .debug_macro   0x00000000000167dd       0x30 ./Core/Src/bsp_ili9341_lcd.o
 .debug_macro   0x000000000001680d       0x3c ./Core/Src/bsp_ili9341_lcd.o
 .debug_macro   0x0000000000016849       0x57 ./Core/Src/bsp_ili9341_lcd.o
 .debug_macro   0x00000000000168a0       0x87 ./Core/Src/bsp_ili9341_lcd.o
 .debug_macro   0x0000000000016927      0x24f ./Core/Src/bsp_ili9341_lcd.o
 .debug_macro   0x0000000000016b76      0x140 ./Core/Src/bsp_ili9341_lcd.o
 .debug_macro   0x0000000000016cb6       0xb5 ./Core/Src/bsp_ili9341_lcd.o
 .debug_macro   0x0000000000016d6b       0x1c ./Core/Src/bsp_ili9341_lcd.o
 .debug_macro   0x0000000000016d87      0x12b ./Core/Src/bsp_ili9341_lcd.o
 .debug_macro   0x0000000000016eb2      0x193 ./Core/Src/fonts.o
 .debug_macro   0x0000000000017045       0x16 ./Core/Src/fonts.o
 .debug_macro   0x000000000001705b      0x198 ./Core/Src/gpio.o
 .debug_macro   0x00000000000171f3      0x28c ./Core/Src/main.o
 .debug_macro   0x000000000001747f       0x61 ./Core/Src/main.o
 .debug_macro   0x00000000000174e0       0x24 ./Core/Src/main.o
 .debug_macro   0x0000000000017504       0x43 ./Core/Src/main.o
 .debug_macro   0x0000000000017547       0x34 ./Core/Src/main.o
 .debug_macro   0x000000000001757b       0x16 ./Core/Src/main.o
 .debug_macro   0x0000000000017591       0x35 ./Core/Src/main.o
 .debug_macro   0x00000000000175c6      0x369 ./Core/Src/main.o
 .debug_macro   0x000000000001792f       0x10 ./Core/Src/main.o
 .debug_macro   0x000000000001793f       0x16 ./Core/Src/main.o
 .debug_macro   0x0000000000017955       0x43 ./Core/Src/main.o
 .debug_macro   0x0000000000017998       0x34 ./Core/Src/main.o
 .debug_macro   0x00000000000179cc       0x10 ./Core/Src/main.o
 .debug_macro   0x00000000000179dc       0x58 ./Core/Src/main.o
 .debug_macro   0x0000000000017a34       0x8e ./Core/Src/main.o
 .debug_macro   0x0000000000017ac2       0x1c ./Core/Src/main.o
 .debug_macro   0x0000000000017ade      0x177 ./Core/Src/main.o
 .debug_macro   0x0000000000017c55       0x16 ./Core/Src/main.o
 .debug_macro   0x0000000000017c6b       0x16 ./Core/Src/main.o
 .debug_macro   0x0000000000017c81      0x147 ./Core/Src/main.o
 .debug_macro   0x0000000000017dc8      0x18e ./Core/Src/stm32f1xx_hal_msp.o
 .debug_macro   0x0000000000017f56      0x198 ./Core/Src/stm32f1xx_it.o
 .debug_macro   0x00000000000180ee       0xff ./Core/Src/sysmem.o
 .debug_macro   0x00000000000181ed      0x23c ./Core/Src/sysmem.o
 .debug_macro   0x0000000000018429      0x184 ./Core/Src/system_stm32f1xx.o
 .debug_macro   0x00000000000185ad      0x1a8 ./Drivers/STM32F1xx_HAL_Driver/Src/stm32f1xx_hal.o
 .debug_macro   0x0000000000018755      0x184 ./Drivers/STM32F1xx_HAL_Driver/Src/stm32f1xx_hal_cortex.o
 .debug_macro   0x00000000000188d9      0x1ef ./Drivers/STM32F1xx_HAL_Driver/Src/stm32f1xx_hal_gpio.o
 .debug_macro   0x0000000000018ac8      0x196 ./Drivers/STM32F1xx_HAL_Driver/Src/stm32f1xx_hal_rcc.o

.debug_line     0x0000000000000000     0x6ed7
 .debug_line    0x0000000000000000      0xe87 ./Core/Src/bsp_ili9341_lcd.o
 .debug_line    0x0000000000000e87      0x694 ./Core/Src/fonts.o
 .debug_line    0x000000000000151b      0x6b4 ./Core/Src/gpio.o
 .debug_line    0x0000000000001bcf      0xa70 ./Core/Src/main.o
 .debug_line    0x000000000000263f      0x6b9 ./Core/Src/stm32f1xx_hal_msp.o
 .debug_line    0x0000000000002cf8      0x77a ./Core/Src/stm32f1xx_it.o
 .debug_line    0x0000000000003472      0x678 ./Core/Src/sysmem.o
 .debug_line    0x0000000000003aea      0x736 ./Core/Src/system_stm32f1xx.o
 .debug_line    0x0000000000004220       0x79 ./Core/Startup/startup_stm32f103rctx.o
 .debug_line    0x0000000000004299      0x963 ./Drivers/STM32F1xx_HAL_Driver/Src/stm32f1xx_hal.o
 .debug_line    0x0000000000004bfc      0xb4b ./Drivers/STM32F1xx_HAL_Driver/Src/stm32f1xx_hal_cortex.o
 .debug_line    0x0000000000005747      0xa24 ./Drivers/STM32F1xx_HAL_Driver/Src/stm32f1xx_hal_gpio.o
 .debug_line    0x000000000000616b      0xd6c ./Drivers/STM32F1xx_HAL_Driver/Src/stm32f1xx_hal_rcc.o

.debug_str      0x0000000000000000    0x8e4a8
 .debug_str     0x0000000000000000    0x895ea ./Core/Src/bsp_ili9341_lcd.o
                                      0x89a45 (size before relaxing)
 .debug_str     0x00000000000895ea       0x5a ./Core/Src/fonts.o
                                      0x88ff5 (size before relaxing)
 .debug_str     0x0000000000089644       0x36 ./Core/Src/gpio.o
                                      0x88f4f (size before relaxing)
 .debug_str     0x000000000008967a     0x38f6 ./Core/Src/main.o
                                      0x8cf0c (size before relaxing)
 .debug_str     0x000000000008cf70       0x2c ./Core/Src/stm32f1xx_hal_msp.o
                                      0x88f7d (size before relaxing)
 .debug_str     0x000000000008cf9c       0xc9 ./Core/Src/stm32f1xx_it.o
                                      0x88f92 (size before relaxing)
 .debug_str     0x000000000008d065      0x4dc ./Core/Src/sysmem.o
                                       0x5ff4 (size before relaxing)
 .debug_str     0x000000000008d541       0x7e ./Core/Src/system_stm32f1xx.o
                                      0x88fa8 (size before relaxing)
 .debug_str     0x000000000008d5bf       0x34 ./Core/Startup/startup_stm32f103rctx.o
                                         0x5e (size before relaxing)
 .debug_str     0x000000000008d5f3      0x6a9 ./Drivers/STM32F1xx_HAL_Driver/Src/stm32f1xx_hal.o
                                      0x897bf (size before relaxing)
 .debug_str     0x000000000008dc9c      0x2b1 ./Drivers/STM32F1xx_HAL_Driver/Src/stm32f1xx_hal_cortex.o
                                      0x8970b (size before relaxing)
 .debug_str     0x000000000008df4d      0x332 ./Drivers/STM32F1xx_HAL_Driver/Src/stm32f1xx_hal_gpio.o
                                      0x8932e (size before relaxing)
 .debug_str     0x000000000008e27f      0x229 ./Drivers/STM32F1xx_HAL_Driver/Src/stm32f1xx_hal_rcc.o
                                      0x893d7 (size before relaxing)

.debug_frame    0x0000000000000000     0x17bc
 .debug_frame   0x0000000000000000      0x498 ./Core/Src/bsp_ili9341_lcd.o
 .debug_frame   0x0000000000000498       0x38 ./Core/Src/gpio.o
 .debug_frame   0x00000000000004d0       0xb8 ./Core/Src/main.o
 .debug_frame   0x0000000000000588       0x38 ./Core/Src/stm32f1xx_hal_msp.o
 .debug_frame   0x00000000000005c0      0x104 ./Core/Src/stm32f1xx_it.o
 .debug_frame   0x00000000000006c4       0x34 ./Core/Src/sysmem.o
 .debug_frame   0x00000000000006f8       0x58 ./Core/Src/system_stm32f1xx.o
 .debug_frame   0x0000000000000750      0x334 ./Drivers/STM32F1xx_HAL_Driver/Src/stm32f1xx_hal.o
 .debug_frame   0x0000000000000a84      0x428 ./Drivers/STM32F1xx_HAL_Driver/Src/stm32f1xx_hal_cortex.o
 .debug_frame   0x0000000000000eac      0x14c ./Drivers/STM32F1xx_HAL_Driver/Src/stm32f1xx_hal_gpio.o
 .debug_frame   0x0000000000000ff8      0x218 ./Drivers/STM32F1xx_HAL_Driver/Src/stm32f1xx_hal_rcc.o
 .debug_frame   0x0000000000001210      0x144 D:/Program Files/STM32CubeIDE_1.13.1/STM32CubeIDE/plugins/com.st.stm32cube.ide.mcu.externaltools.gnu-tools-for-stm32.11.3.rel1.win32_1.1.100.202309141235/tools/bin/../lib/gcc/arm-none-eabi/11.3.1/../../../../arm-none-eabi/lib/thumb/v7-m/nofp\libc_nano.a(libc_a-findfp.o)
 .debug_frame   0x0000000000001354       0x6c D:/Program Files/STM32CubeIDE_1.13.1/STM32CubeIDE/plugins/com.st.stm32cube.ide.mcu.externaltools.gnu-tools-for-stm32.11.3.rel1.win32_1.1.100.202309141235/tools/bin/../lib/gcc/arm-none-eabi/11.3.1/../../../../arm-none-eabi/lib/thumb/v7-m/nofp\libc_nano.a(libc_a-sprintf.o)
 .debug_frame   0x00000000000013c0       0x20 D:/Program Files/STM32CubeIDE_1.13.1/STM32CubeIDE/plugins/com.st.stm32cube.ide.mcu.externaltools.gnu-tools-for-stm32.11.3.rel1.win32_1.1.100.202309141235/tools/bin/../lib/gcc/arm-none-eabi/11.3.1/../../../../arm-none-eabi/lib/thumb/v7-m/nofp\libc_nano.a(libc_a-memset.o)
 .debug_frame   0x00000000000013e0       0x38 D:/Program Files/STM32CubeIDE_1.13.1/STM32CubeIDE/plugins/com.st.stm32cube.ide.mcu.externaltools.gnu-tools-for-stm32.11.3.rel1.win32_1.1.100.202309141235/tools/bin/../lib/gcc/arm-none-eabi/11.3.1/../../../../arm-none-eabi/lib/thumb/v7-m/nofp\libc_nano.a(libc_a-reent.o)
 .debug_frame   0x0000000000001418       0x20 D:/Program Files/STM32CubeIDE_1.13.1/STM32CubeIDE/plugins/com.st.stm32cube.ide.mcu.externaltools.gnu-tools-for-stm32.11.3.rel1.win32_1.1.100.202309141235/tools/bin/../lib/gcc/arm-none-eabi/11.3.1/../../../../arm-none-eabi/lib/thumb/v7-m/nofp\libc_nano.a(libc_a-errno.o)
 .debug_frame   0x0000000000001438       0x2c D:/Program Files/STM32CubeIDE_1.13.1/STM32CubeIDE/plugins/com.st.stm32cube.ide.mcu.externaltools.gnu-tools-for-stm32.11.3.rel1.win32_1.1.100.202309141235/tools/bin/../lib/gcc/arm-none-eabi/11.3.1/../../../../arm-none-eabi/lib/thumb/v7-m/nofp\libc_nano.a(libc_a-init.o)
 .debug_frame   0x0000000000001464       0xb0 D:/Program Files/STM32CubeIDE_1.13.1/STM32CubeIDE/plugins/com.st.stm32cube.ide.mcu.externaltools.gnu-tools-for-stm32.11.3.rel1.win32_1.1.100.202309141235/tools/bin/../lib/gcc/arm-none-eabi/11.3.1/../../../../arm-none-eabi/lib/thumb/v7-m/nofp\libc_nano.a(libc_a-lock.o)
 .debug_frame   0x0000000000001514       0x38 D:/Program Files/STM32CubeIDE_1.13.1/STM32CubeIDE/plugins/com.st.stm32cube.ide.mcu.externaltools.gnu-tools-for-stm32.11.3.rel1.win32_1.1.100.202309141235/tools/bin/../lib/gcc/arm-none-eabi/11.3.1/../../../../arm-none-eabi/lib/thumb/v7-m/nofp\libc_nano.a(libc_a-freer.o)
 .debug_frame   0x000000000000154c       0x50 D:/Program Files/STM32CubeIDE_1.13.1/STM32CubeIDE/plugins/com.st.stm32cube.ide.mcu.externaltools.gnu-tools-for-stm32.11.3.rel1.win32_1.1.100.202309141235/tools/bin/../lib/gcc/arm-none-eabi/11.3.1/../../../../arm-none-eabi/lib/thumb/v7-m/nofp\libc_nano.a(libc_a-mallocr.o)
 .debug_frame   0x000000000000159c       0x30 D:/Program Files/STM32CubeIDE_1.13.1/STM32CubeIDE/plugins/com.st.stm32cube.ide.mcu.externaltools.gnu-tools-for-stm32.11.3.rel1.win32_1.1.100.202309141235/tools/bin/../lib/gcc/arm-none-eabi/11.3.1/../../../../arm-none-eabi/lib/thumb/v7-m/nofp\libc_nano.a(libc_a-mlock.o)
 .debug_frame   0x00000000000015cc       0x90 D:/Program Files/STM32CubeIDE_1.13.1/STM32CubeIDE/plugins/com.st.stm32cube.ide.mcu.externaltools.gnu-tools-for-stm32.11.3.rel1.win32_1.1.100.202309141235/tools/bin/../lib/gcc/arm-none-eabi/11.3.1/../../../../arm-none-eabi/lib/thumb/v7-m/nofp\libc_nano.a(libc_a-nano-svfprintf.o)
 .debug_frame   0x000000000000165c       0x60 D:/Program Files/STM32CubeIDE_1.13.1/STM32CubeIDE/plugins/com.st.stm32cube.ide.mcu.externaltools.gnu-tools-for-stm32.11.3.rel1.win32_1.1.100.202309141235/tools/bin/../lib/gcc/arm-none-eabi/11.3.1/../../../../arm-none-eabi/lib/thumb/v7-m/nofp\libc_nano.a(libc_a-nano-vfprintf_i.o)
 .debug_frame   0x00000000000016bc       0x28 D:/Program Files/STM32CubeIDE_1.13.1/STM32CubeIDE/plugins/com.st.stm32cube.ide.mcu.externaltools.gnu-tools-for-stm32.11.3.rel1.win32_1.1.100.202309141235/tools/bin/../lib/gcc/arm-none-eabi/11.3.1/../../../../arm-none-eabi/lib/thumb/v7-m/nofp\libc_nano.a(libc_a-memmove.o)
 .debug_frame   0x00000000000016e4       0x2c D:/Program Files/STM32CubeIDE_1.13.1/STM32CubeIDE/plugins/com.st.stm32cube.ide.mcu.externaltools.gnu-tools-for-stm32.11.3.rel1.win32_1.1.100.202309141235/tools/bin/../lib/gcc/arm-none-eabi/11.3.1/../../../../arm-none-eabi/lib/thumb/v7-m/nofp\libc_nano.a(libc_a-sbrkr.o)
 .debug_frame   0x0000000000001710       0x28 D:/Program Files/STM32CubeIDE_1.13.1/STM32CubeIDE/plugins/com.st.stm32cube.ide.mcu.externaltools.gnu-tools-for-stm32.11.3.rel1.win32_1.1.100.202309141235/tools/bin/../lib/gcc/arm-none-eabi/11.3.1/../../../../arm-none-eabi/lib/thumb/v7-m/nofp\libc_nano.a(libc_a-memchr-stub.o)
 .debug_frame   0x0000000000001738       0x28 D:/Program Files/STM32CubeIDE_1.13.1/STM32CubeIDE/plugins/com.st.stm32cube.ide.mcu.externaltools.gnu-tools-for-stm32.11.3.rel1.win32_1.1.100.202309141235/tools/bin/../lib/gcc/arm-none-eabi/11.3.1/../../../../arm-none-eabi/lib/thumb/v7-m/nofp\libc_nano.a(libc_a-memcpy-stub.o)
 .debug_frame   0x0000000000001760       0x3c D:/Program Files/STM32CubeIDE_1.13.1/STM32CubeIDE/plugins/com.st.stm32cube.ide.mcu.externaltools.gnu-tools-for-stm32.11.3.rel1.win32_1.1.100.202309141235/tools/bin/../lib/gcc/arm-none-eabi/11.3.1/../../../../arm-none-eabi/lib/thumb/v7-m/nofp\libc_nano.a(libc_a-reallocr.o)
 .debug_frame   0x000000000000179c       0x20 D:/Program Files/STM32CubeIDE_1.13.1/STM32CubeIDE/plugins/com.st.stm32cube.ide.mcu.externaltools.gnu-tools-for-stm32.11.3.rel1.win32_1.1.100.202309141235/tools/bin/../lib/gcc/arm-none-eabi/11.3.1/../../../../arm-none-eabi/lib/thumb/v7-m/nofp\libc_nano.a(libc_a-msizer.o)

.debug_line_str
                0x0000000000000000       0x52
 .debug_line_str
                0x0000000000000000       0x52 ./Core/Startup/startup_stm32f103rctx.o
                                         0x6a (size before relaxing)
