../Core/Src/bsp_ili9341_lcd.c:53:6:ILI9341_Delay	16	static
../Core/Src/bsp_ili9341_lcd.c:64:6:ILI9341_Write_Cmd	16	static
../Core/Src/bsp_ili9341_lcd.c:80:6:ILI9341_Write_Data	16	static
../Core/Src/bsp_ili9341_lcd.c:96:10:ILI9341_Read_Data	16	static
../Core/Src/bsp_ili9341_lcd.c:125:13:ILI9341_GPIO_Config	48	static
../Core/Src/bsp_ili9341_lcd.c:172:13:ILI9341_REG_Config	8	static
../Core/Src/bsp_ili9341_lcd.c:496:10:ILI9341_ReadID	16	static
../Core/Src/bsp_ili9341_lcd.c:533:6:ILI9341_Init	8	static
../Core/Src/bsp_ili9341_lcd.c:553:6:ILI9341_BackLed_Control	16	static
../Core/Src/bsp_ili9341_lcd.c:649:6:ILI9341_GramScan	16	static
../Core/Src/bsp_ili9341_lcd.c:706:6:ILI9341_OpenWindow	24	static
../Core/Src/bsp_ili9341_lcd.c:727:13:ILI9341_SetCursor	16	static
../Core/Src/bsp_ili9341_lcd.c:738:22:ILI9341_FillColor	24	static
../Core/Src/bsp_ili9341_lcd.c:758:6:ILI9341_Clear	24	static
../Core/Src/bsp_ili9341_lcd.c:772:6:ILI9341_SetPointPixel	16	static
../Core/Src/bsp_ili9341_lcd.c:787:17:ILI9341_Read_PixelData	16	static
../Core/Src/bsp_ili9341_lcd.c:808:10:ILI9341_GetPointPixel	24	static
../Core/Src/bsp_ili9341_lcd.c:828:6:ILI9341_DrawLine	64	static
../Core/Src/bsp_ili9341_lcd.c:906:6:ILI9341_DrawRectangle	24	static
../Core/Src/bsp_ili9341_lcd.c:934:6:ILI9341_DrawCircle	32	static
../Core/Src/bsp_ili9341_lcd.c:994:6:ILI9341_DispChar_EN	32	static
../Core/Src/bsp_ili9341_lcd.c:1040:6:ILI9341_DispStringLine_EN	24	static
../Core/Src/bsp_ili9341_lcd.c:1074:6:ILI9341_DispString_EN	16	static
../Core/Src/bsp_ili9341_lcd.c:1106:6:ILI9341_DispString_EN_YDir	16	static
../Core/Src/bsp_ili9341_lcd.c:1139:6:LCD_SetFont	16	static
../Core/Src/bsp_ili9341_lcd.c:1149:8:LCD_GetFont	4	static
../Core/Src/bsp_ili9341_lcd.c:1160:6:LCD_SetColors	16	static
../Core/Src/bsp_ili9341_lcd.c:1172:6:LCD_GetColors	16	static
../Core/Src/bsp_ili9341_lcd.c:1183:6:LCD_SetTextColor	16	static
../Core/Src/bsp_ili9341_lcd.c:1193:6:LCD_SetBackColor	16	static
../Core/Src/bsp_ili9341_lcd.c:1205:6:LCD_ClearLine	24	static
